Archive member included because of file (symbol)

C:\Users\jimzhang\Documents\ps2try\ps2try\SoftConsole\ps2_MSS_MSS_CM3_0\ps2_MSS_MSS_CM3_0_hw_platform\Debug\libps2_MSS_MSS_CM3_0_hw_platform.a(mss_uart.o)
                              C:/Users/jimzhang/Documents/ps2try/ps2try/SoftConsole/ps2_MSS_MSS_CM3_0/ps2_MSS_MSS_CM3_0_hw_platform/Debug/CMSIS/startup_gcc/newlib_stubs.o (g_mss_uart0)
C:\Users\jimzhang\Documents\ps2try\ps2try\SoftConsole\ps2_MSS_MSS_CM3_0\ps2_MSS_MSS_CM3_0_hw_platform\Debug\libps2_MSS_MSS_CM3_0_hw_platform.a(mss_spi.o)
                              ./main.o (g_mss_spi1)
C:\Users\jimzhang\Documents\ps2try\ps2try\SoftConsole\ps2_MSS_MSS_CM3_0\ps2_MSS_MSS_CM3_0_hw_platform\Debug\libps2_MSS_MSS_CM3_0_hw_platform.a(mss_gpio.o)
                              ./main.o (MSS_GPIO_init)
C:\Users\jimzhang\Documents\ps2try\ps2try\SoftConsole\ps2_MSS_MSS_CM3_0\ps2_MSS_MSS_CM3_0_hw_platform\Debug\libps2_MSS_MSS_CM3_0_hw_platform.a(mss_ace.o)
                              ./main.o (ACE_init)
C:\Users\jimzhang\Documents\ps2try\ps2try\SoftConsole\ps2_MSS_MSS_CM3_0\ps2_MSS_MSS_CM3_0_hw_platform\Debug\libps2_MSS_MSS_CM3_0_hw_platform.a(system_a2fxxxm3.o)
                              C:\Users\jimzhang\Documents\ps2try\ps2try\SoftConsole\ps2_MSS_MSS_CM3_0\ps2_MSS_MSS_CM3_0_hw_platform\Debug\libps2_MSS_MSS_CM3_0_hw_platform.a(mss_uart.o) (g_FrequencyPCLK0)
C:\Users\jimzhang\Documents\ps2try\ps2try\SoftConsole\ps2_MSS_MSS_CM3_0\ps2_MSS_MSS_CM3_0_hw_platform\Debug\libps2_MSS_MSS_CM3_0_hw_platform.a(ace_config.o)
                              C:\Users\jimzhang\Documents\ps2try\ps2try\SoftConsole\ps2_MSS_MSS_CM3_0\ps2_MSS_MSS_CM3_0_hw_platform\Debug\libps2_MSS_MSS_CM3_0_hw_platform.a(mss_ace.o) (g_ace_channel_desc_table)
C:\Users\jimzhang\Documents\ps2try\ps2try\SoftConsole\ps2_MSS_MSS_CM3_0\ps2_MSS_MSS_CM3_0_hw_platform\Debug\libps2_MSS_MSS_CM3_0_hw_platform.a(ace_convert.o)
                              C:\Users\jimzhang\Documents\ps2try\ps2try\SoftConsole\ps2_MSS_MSS_CM3_0\ps2_MSS_MSS_CM3_0_hw_platform\Debug\libps2_MSS_MSS_CM3_0_hw_platform.a(mss_ace.o) (ace_init_convert)
C:\Users\jimzhang\Documents\ps2try\ps2try\SoftConsole\ps2_MSS_MSS_CM3_0\ps2_MSS_MSS_CM3_0_hw_platform\Debug\libps2_MSS_MSS_CM3_0_hw_platform.a(ace_flags.o)
                              C:\Users\jimzhang\Documents\ps2try\ps2try\SoftConsole\ps2_MSS_MSS_CM3_0\ps2_MSS_MSS_CM3_0_hw_platform\Debug\libps2_MSS_MSS_CM3_0_hw_platform.a(mss_ace.o) (ace_init_flags)
c:/microsemi/softconsole v3.3/sourcery-g++/bin/../lib/gcc/arm-none-eabi/4.4.1/../../../../arm-none-eabi/lib/thumb2\libc.a(lib_a-errno.o)
                              C:/Users/jimzhang/Documents/ps2try/ps2try/SoftConsole/ps2_MSS_MSS_CM3_0/ps2_MSS_MSS_CM3_0_hw_platform/Debug/CMSIS/startup_gcc/newlib_stubs.o (__errno)
c:/microsemi/softconsole v3.3/sourcery-g++/bin/../lib/gcc/arm-none-eabi/4.4.1/../../../../arm-none-eabi/lib/thumb2\libc.a(lib_a-impure.o)
                              c:/microsemi/softconsole v3.3/sourcery-g++/bin/../lib/gcc/arm-none-eabi/4.4.1/../../../../arm-none-eabi/lib/thumb2\libc.a(lib_a-errno.o) (_impure_ptr)
c:/microsemi/softconsole v3.3/sourcery-g++/bin/../lib/gcc/arm-none-eabi/4.4.1/../../../../arm-none-eabi/lib/thumb2\libc.a(lib_a-init.o)
                              C:/Users/jimzhang/Documents/ps2try/ps2try/SoftConsole/ps2_MSS_MSS_CM3_0/ps2_MSS_MSS_CM3_0_hw_platform/Debug/CMSIS/startup_gcc/startup_a2fxxxm3.o (__libc_init_array)
c:/microsemi/softconsole v3.3/sourcery-g++/bin/../lib/gcc/arm-none-eabi/4.4.1/../../../../arm-none-eabi/lib/thumb2\libc.a(lib_a-memset.o)
                              C:\Users\jimzhang\Documents\ps2try\ps2try\SoftConsole\ps2_MSS_MSS_CM3_0\ps2_MSS_MSS_CM3_0_hw_platform\Debug\libps2_MSS_MSS_CM3_0_hw_platform.a(mss_spi.o) (memset)
c:/microsemi/softconsole v3.3/sourcery-g++/bin/../lib/gcc/arm-none-eabi/4.4.1/../../../../arm-none-eabi/lib/thumb2\libc.a(lib_a-printf.o)
                              ./main.o (printf)
c:/microsemi/softconsole v3.3/sourcery-g++/bin/../lib/gcc/arm-none-eabi/4.4.1/../../../../arm-none-eabi/lib/thumb2\libc.a(lib_a-strncmp.o)
                              C:\Users\jimzhang\Documents\ps2try\ps2try\SoftConsole\ps2_MSS_MSS_CM3_0\ps2_MSS_MSS_CM3_0_hw_platform\Debug\libps2_MSS_MSS_CM3_0_hw_platform.a(mss_ace.o) (strncmp)
c:/microsemi/softconsole v3.3/sourcery-g++/bin/../lib/gcc/arm-none-eabi/4.4.1/../../../../arm-none-eabi/lib/thumb2\libc.a(lib_a-vfprintf.o)
                              c:/microsemi/softconsole v3.3/sourcery-g++/bin/../lib/gcc/arm-none-eabi/4.4.1/../../../../arm-none-eabi/lib/thumb2\libc.a(lib_a-printf.o) (_vfprintf_r)
c:/microsemi/softconsole v3.3/sourcery-g++/bin/../lib/gcc/arm-none-eabi/4.4.1/../../../../arm-none-eabi/lib/thumb2\libc.a(lib_a-wsetup.o)
                              c:/microsemi/softconsole v3.3/sourcery-g++/bin/../lib/gcc/arm-none-eabi/4.4.1/../../../../arm-none-eabi/lib/thumb2\libc.a(lib_a-vfprintf.o) (__swsetup_r)
[...]
Memory Configuration

Name             Origin             Length             Attributes
ram              0x20000000         0x00010000         xrw
*default*        0x00000000         0xffffffff

Linker script and memory map

LOAD c:/microsemi/softconsole v3.3/sourcery-g++/bin/../lib/gcc/arm-none-eabi/4.4.1/thumb2/crti.o
LOAD c:/microsemi/softconsole v3.3/sourcery-g++/bin/../lib/gcc/arm-none-eabi/4.4.1/thumb2/crtbegin.o
LOAD ./main.o
LOAD ./my_timer.o
LOAD C:/Users/jimzhang/Documents/ps2try/ps2try/SoftConsole/ps2_MSS_MSS_CM3_0/ps2_MSS_MSS_CM3_0_hw_platform/Debug/CMSIS/startup_gcc/startup_a2fxxxm3.o
LOAD C:/Users/jimzhang/Documents/ps2try/ps2try/SoftConsole/ps2_MSS_MSS_CM3_0/ps2_MSS_MSS_CM3_0_hw_platform/Debug/CMSIS/startup_gcc/newlib_stubs.o
LOAD C:\Users\jimzhang\Documents\ps2try\ps2try\SoftConsole\ps2_MSS_MSS_CM3_0\ps2_MSS_MSS_CM3_0_hw_platform\Debug\libps2_MSS_MSS_CM3_0_hw_platform.a
START GROUP
LOAD c:/microsemi/softconsole v3.3/sourcery-g++/bin/../lib/gcc/arm-none-eabi/4.4.1/thumb2\libgcc.a
LOAD c:/microsemi/softconsole v3.3/sourcery-g++/bin/../lib/gcc/arm-none-eabi/4.4.1/../../../../arm-none-eabi/lib/thumb2\libc.a
END GROUP
LOAD c:/microsemi/softconsole v3.3/sourcery-g++/bin/../lib/gcc/arm-none-eabi/4.4.1/thumb2/crtend.o
LOAD c:/microsemi/softconsole v3.3/sourcery-g++/bin/../lib/gcc/arm-none-eabi/4.4.1/thumb2/crtn.o
START GROUP
LOAD c:/microsemi/softconsole v3.3/sourcery-g++/bin/../lib/gcc/arm-none-eabi/4.4.1/../../../../arm-none-eabi/lib/thumb2\libc.a
LOAD c:/microsemi/softconsole v3.3/sourcery-g++/bin/../lib/gcc/arm-none-eabi/4.4.1/thumb2\libgcc.a
LOAD c:/microsemi/softconsole v3.3/sourcery-g++/bin/../lib/gcc/arm-none-eabi/4.4.1/../../../../arm-none-eabi/lib/thumb2\libm.a
END GROUP
                0x00000000                __DYNAMIC = 0x0
                0x20000000                RAM_START_ADDRESS = 0x20000000
                0x00010000                RAM_SIZE = 0x10000
                0x00002000                MAIN_STACK_SIZE = 0x2000
                0x00001000                PROCESS_STACK_SIZE = 0x1000
                0x20010000                PROVIDE (__main_stack_start, (RAM_START_ADDRESS + RAM_SIZE))
                0x2000e000                PROVIDE (__process_stack_start, (__main_stack_start - MAIN_STACK_SIZE))
                0x20010000                PROVIDE (_estack, __main_stack_start)
                0x00000000                PROVIDE (__mirrored_nvm, 0x0)

.text           0x20000000     0x9870
 CREATE_OBJECT_SYMBOLS
                0x20000000                __text_load = LOADADDR (.text)
                0x20000000                __text_start = .
                0x20000000                __vector_table_vma_base_address = .
 *(.isr_vector)
 .isr_vector    0x20000000      0x470 C:/Users/jimzhang/Documents/ps2try/ps2try/SoftConsole/ps2_MSS_MSS_CM3_0/ps2_MSS_MSS_CM3_0_hw_platform/Debug/CMSIS/startup_gcc/startup_a2fxxxm3.o
                0x20000000                g_pfnVectors
                0x20000298                Reset_Handler
                0x20000308                NMI_Handler
                0x2000030a                HardFault_Handler
                0x2000030c                MemManage_Handler
                0x2000030e                BusFault_Handler
                0x20000310                UsageFault_Handler
                0x20000312                SVC_Handler
                0x20000314                DebugMon_Handler
                0x20000316                PendSV_Handler
                0x20000318                SysTick_Handler
                0x2000031a                WdogWakeup_IRQHandler
                0x2000031c                BrownOut_1_5V_IRQHandler
                0x2000031e                BrownOut_3_3V_IRQHandler
                0x20000320                RTC_Match_IRQHandler
                0x20000322                RTCIF_Pub_IRQHandler
                0x20000324                EthernetMAC_IRQHandler
                0x20000326                IAP_IRQHandler
                0x20000328                ENVM0_IRQHandler
                0x2000032a                ENVM1_IRQHandler
                0x2000032c                DMA_IRQHandler
                0x20000336                I2C0_IRQHandler
                0x20000338                I2C0_SMBAlert_IRQHandler
                0x2000033a                I2C0_SMBus_IRQHandler
                0x2000033c                I2C1_IRQHandler
                0x2000033e                I2C1_SMBAlert_IRQHandler
                0x20000340                I2C1_SMBus_IRQHandler
                0x20000342                Timer1_IRQHandler
                0x20000344                Timer2_IRQHandler
                0x20000346                PLL_Lock_IRQHandler
                0x20000348                PLL_LockLost_IRQHandler
                0x2000034a                CommError_IRQHandler
                0x2000034c                Fabric_IRQHandler
                0x2000034e                GPIO0_IRQHandler
                0x20000350                GPIO1_IRQHandler
                0x20000352                GPIO2_IRQHandler
                0x20000354                GPIO3_IRQHandler
                0x20000356                GPIO4_IRQHandler
                0x2000035a                GPIO6_IRQHandler
                0x2000035c                GPIO7_IRQHandler
                0x20000360                GPIO9_IRQHandler
                0x20000362                GPIO10_IRQHandler
                0x20000364                GPIO11_IRQHandler
                0x20000366                GPIO12_IRQHandler
                0x20000368                GPIO13_IRQHandler
                0x2000036a                GPIO14_IRQHandler
                0x2000036c                GPIO15_IRQHandler
                0x2000036e                GPIO16_IRQHandler
                0x20000370                GPIO17_IRQHandler
                0x20000372                GPIO18_IRQHandler
                0x20000374                GPIO19_IRQHandler
                0x20000376                GPIO20_IRQHandler
                0x20000378                GPIO21_IRQHandler
                0x2000037a                GPIO22_IRQHandler
                0x2000037c                GPIO23_IRQHandler
                0x2000037e                GPIO24_IRQHandler
                0x20000380                GPIO25_IRQHandler
                0x20000382                GPIO26_IRQHandler
                0x20000384                GPIO27_IRQHandler
                0x20000386                GPIO28_IRQHandler
                0x20000388                GPIO29_IRQHandler
                0x2000038a                GPIO30_IRQHandler
                0x2000038c                GPIO31_IRQHandler
                0x2000038e                ACE_PC0_Flag0_IRQHandler
                0x20000390                ACE_PC0_Flag1_IRQHandler
                0x20000392                ACE_PC0_Flag2_IRQHandler
                0x20000394                ACE_PC0_Flag3_IRQHandler
                0x20000396                ACE_PC1_Flag0_IRQHandler
                0x20000398                ACE_PC1_Flag1_IRQHandler
                0x2000039a                ACE_PC1_Flag2_IRQHandler
                0x2000039c                ACE_PC1_Flag3_IRQHandler
                0x2000039e                ACE_PC2_Flag0_IRQHandler
                0x200003a0                ACE_PC2_Flag1_IRQHandler
                0x200003a2                ACE_PC2_Flag2_IRQHandler
                0x200003a4                ACE_PC2_Flag3_IRQHandler
                0x200003a6                ACE_ADC0_DataValid_IRQHandler
                0x200003a8                ACE_ADC1_DataValid_IRQHandler
                0x200003aa                ACE_ADC2_DataValid_IRQHandler
                0x200003ac                ACE_ADC0_CalDone_IRQHandler
                0x200003ae                ACE_ADC1_CalDone_IRQHandler
                0x200003b0                ACE_ADC2_CalDone_IRQHandler
                0x200003b2                ACE_ADC0_CalStart_IRQHandler
                0x200003b4                ACE_ADC1_CalStart_IRQHandler
                0x200003b6                ACE_ADC2_CalStart_IRQHandler
                0x200003b8                ACE_Comp0_Fall_IRQHandler
                0x200003ba                ACE_Comp1_Fall_IRQHandler
                0x200003bc                ACE_Comp2_Fall_IRQHandler
                0x200003be                ACE_Comp3_Fall_IRQHandler
                0x200003c0                ACE_Comp4_Fall_IRQHandler
                0x200003c2                ACE_Comp5_Fall_IRQHandler
                0x200003c4                ACE_Comp6_Fall_IRQHandler
                0x200003c6                ACE_Comp7_Fall_IRQHandler
                0x200003c8                ACE_Comp8_Fall_IRQHandler
                0x200003ca                ACE_Comp9_Fall_IRQHandler
                0x200003cc                ACE_Comp10_Fall_IRQHandler
                0x200003ce                ACE_Comp11_Fall_IRQHandler
                0x200003d0                ACE_Comp0_Rise_IRQHandler
                0x200003d2                ACE_Comp1_Rise_IRQHandler
                0x200003d4                ACE_Comp2_Rise_IRQHandler
                0x200003d6                ACE_Comp3_Rise_IRQHandler
                0x200003d8                ACE_Comp4_Rise_IRQHandler
                0x200003da                ACE_Comp5_Rise_IRQHandler
                0x200003dc                ACE_Comp6_Rise_IRQHandler
                0x200003de                ACE_Comp7_Rise_IRQHandler
                0x200003e0                ACE_Comp8_Rise_IRQHandler
                0x200003e2                ACE_Comp9_Rise_IRQHandler
                0x200003e4                ACE_Comp10_Rise_IRQHandler
                0x200003e6                ACE_Comp11_Rise_IRQHandler
                0x200003e8                ACE_ADC0_FifoFull_IRQHandler
                0x200003ea                ACE_ADC0_FifoAFull_IRQHandler
                0x200003ec                ACE_ADC0_FifoEmpty_IRQHandler
                0x200003ee                ACE_ADC1_FifoFull_IRQHandler
                0x200003f0                ACE_ADC1_FifoAFull_IRQHandler
                0x200003f2                ACE_ADC1_FifoEmpty_IRQHandler
                0x200003f4                ACE_ADC2_FifoFull_IRQHandler
                0x200003f6                ACE_ADC2_FifoAFull_IRQHandler
                0x200003f8                ACE_ADC2_FifoEmpty_IRQHandler
 *(.text .text.* .gnu.linkonce.t.*)
 .text          0x20000470       0x30 c:/microsemi/softconsole v3.3/sourcery-g++/bin/../lib/gcc/arm-none-eabi/4.4.1/thumb2/crtbegin.o
 .text.reverseBit
                0x200004a0       0x28 ./main.o
                0x200004a0                reverseBit
 .text.setServoPin
                0x200004c8      0x16c ./main.o
                0x200004c8                setServoPin
 .text.GPIO8_IRQHandler
                0x20000634       0x1c ./main.o
                0x20000634                GPIO8_IRQHandler
 .text.GPIO5_IRQHandler
                0x20000650       0x30 ./main.o
                0x20000650                GPIO5_IRQHandler
 .text.setMotorPin
                0x20000680       0x50 ./main.o
                0x20000680                setMotorPin
 .text.delay    0x200006d0       0x34 ./main.o
                0x200006d0                delay
 .text.main     0x20000704      0x7b0 ./main.o
                0x20000704                main
 .text.MYTIMER_init
                0x20000eb4        0x4 ./my_timer.o
                0x20000eb4                MYTIMER_init
 .text.MYTIMER_enable
                0x20000eb8       0x14 ./my_timer.o
                0x20000eb8                MYTIMER_enable
 .text.MYTIMER_disable
                0x20000ecc       0x14 ./my_timer.o
                0x20000ecc                MYTIMER_disable
 .text.MYTIMER_setOverflowVal
                0x20000ee0        0xc ./my_timer.o
                0x20000ee0                MYTIMER_setOverflowVal
 .text.DELAY_init
                0x20000eec        0x4 ./my_timer.o
                0x20000eec                DELAY_init
 .text.DELAY_enable
                0x20000ef0       0x14 ./my_timer.o
                0x20000ef0                DELAY_enable
 .text.DELAY_disable
                0x20000f04       0x14 ./my_timer.o
                0x20000f04                DELAY_disable
 .text.DELAY_setOverflowVal
                0x20000f18        0xc ./my_timer.o
                0x20000f18                DELAY_setOverflowVal
 .text.DELAY_getCounterVal
                0x20000f24        0xc ./my_timer.o
                0x20000f24                DELAY_getCounterVal
 .text._close   0x20000f30       0x18 C:/Users/jimzhang/Documents/ps2try/ps2try/SoftConsole/ps2_MSS_MSS_CM3_0/ps2_MSS_MSS_CM3_0_hw_platform/Debug/CMSIS/startup_gcc/newlib_stubs.o
                0x20000f30                _close
 .text._exit    0x20000f48        0xc C:/Users/jimzhang/Documents/ps2try/ps2try/SoftConsole/ps2_MSS_MSS_CM3_0/ps2_MSS_MSS_CM3_0_hw_platform/Debug/CMSIS/startup_gcc/newlib_stubs.o
                0x20000f48                _exit
 .text._fstat   0x20000f54       0x24 C:/Users/jimzhang/Documents/ps2try/ps2try/SoftConsole/ps2_MSS_MSS_CM3_0/ps2_MSS_MSS_CM3_0_hw_platform/Debug/CMSIS/startup_gcc/newlib_stubs.o
                0x20000f54                _fstat
 .text._isatty  0x20000f78       0x18 C:/Users/jimzhang/Documents/ps2try/ps2try/SoftConsole/ps2_MSS_MSS_CM3_0/ps2_MSS_MSS_CM3_0_hw_platform/Debug/CMSIS/startup_gcc/newlib_stubs.o
                0x20000f78                _isatty
 .text._lseek   0x20000f90       0x1c C:/Users/jimzhang/Documents/ps2try/ps2try/SoftConsole/ps2_MSS_MSS_CM3_0/ps2_MSS_MSS_CM3_0_hw_platform/Debug/CMSIS/startup_gcc/newlib_stubs.o
                0x20000f90                _lseek
 .text._read    0x20000fac       0x1c C:/Users/jimzhang/Documents/ps2try/ps2try/SoftConsole/ps2_MSS_MSS_CM3_0/ps2_MSS_MSS_CM3_0_hw_platform/Debug/CMSIS/startup_gcc/newlib_stubs.o
                0x20000fac                _read
 .text._write_r
                0x20000fc8       0x5c C:/Users/jimzhang/Documents/ps2try/ps2try/SoftConsole/ps2_MSS_MSS_CM3_0/ps2_MSS_MSS_CM3_0_hw_platform/Debug/CMSIS/startup_gcc/newlib_stubs.o
                0x20000fc8                _write_r
 .text._sbrk    0x20001024       0x94 C:/Users/jimzhang/Documents/ps2try/ps2try/SoftConsole/ps2_MSS_MSS_CM3_0/ps2_MSS_MSS_CM3_0_hw_platform/Debug/CMSIS/startup_gcc/newlib_stubs.o
                0x20001024                _sbrk
 .text.NVIC_ClearPendingIRQ
                0x200010b8       0x3c C:\Users\jimzhang\Documents\ps2try\ps2try\SoftConsole\ps2_MSS_MSS_CM3_0\ps2_MSS_MSS_CM3_0_hw_platform\Debug\libps2_MSS_MSS_CM3_0_hw_platform.a(mss_uart.o)
 .text.MSS_UART_init
                0x200010f4      0x204 C:\Users\jimzhang\Documents\ps2try\ps2try\SoftConsole\ps2_MSS_MSS_CM3_0\ps2_MSS_MSS_CM3_0_hw_platform\Debug\libps2_MSS_MSS_CM3_0_hw_platform.a(mss_uart.o)
                0x200010f4                MSS_UART_init
 .text.MSS_UART_polled_tx
                0x200012f8       0xe4 C:\Users\jimzhang\Documents\ps2try\ps2try\SoftConsole\ps2_MSS_MSS_CM3_0\ps2_MSS_MSS_CM3_0_hw_platform\Debug\libps2_MSS_MSS_CM3_0_hw_platform.a(mss_uart.o)
                0x200012f8                MSS_UART_polled_tx
 .text.MSS_UART_polled_tx_string
                0x200013dc       0xd0 C:\Users\jimzhang\Documents\ps2try\ps2try\SoftConsole\ps2_MSS_MSS_CM3_0\ps2_MSS_MSS_CM3_0_hw_platform\Debug\libps2_MSS_MSS_CM3_0_hw_platform.a(mss_uart.o)
                0x200013dc                MSS_UART_polled_tx_string
 .text.MSS_UART_get_rx
                0x200014ac       0xdc C:\Users\jimzhang\Documents\ps2try\ps2try\SoftConsole\ps2_MSS_MSS_CM3_0\ps2_MSS_MSS_CM3_0_hw_platform\Debug\libps2_MSS_MSS_CM3_0_hw_platform.a(mss_uart.o)
                0x200014ac                MSS_UART_get_rx
 .text.MSS_UART_isr
                0x20001588      0x11c C:\Users\jimzhang\Documents\ps2try\ps2try\SoftConsole\ps2_MSS_MSS_CM3_0\ps2_MSS_MSS_CM3_0_hw_platform\Debug\libps2_MSS_MSS_CM3_0_hw_platform.a(mss_uart.o)
 .text.default_tx_handler
                0x200016a4      0x108 C:\Users\jimzhang\Documents\ps2try\ps2try\SoftConsole\ps2_MSS_MSS_CM3_0\ps2_MSS_MSS_CM3_0_hw_platform\Debug\libps2_MSS_MSS_CM3_0_hw_platform.a(mss_uart.o)
 .text.UART0_IRQHandler
                0x200017ac       0x2c C:\Users\jimzhang\Documents\ps2try\ps2try\SoftConsole\ps2_MSS_MSS_CM3_0\ps2_MSS_MSS_CM3_0_hw_platform\Debug\libps2_MSS_MSS_CM3_0_hw_platform.a(mss_uart.o)
                0x200017ac                UART0_IRQHandler
 .text.UART1_IRQHandler
                0x200017d8       0x2c C:\Users\jimzhang\Documents\ps2try\ps2try\SoftConsole\ps2_MSS_MSS_CM3_0\ps2_MSS_MSS_CM3_0_hw_platform\Debug\libps2_MSS_MSS_CM3_0_hw_platform.a(mss_uart.o)
                0x200017d8                UART1_IRQHandler
 .text.NVIC_EnableIRQ
                0x20001804       0x38 C:\Users\jimzhang\Documents\ps2try\ps2try\SoftConsole\ps2_MSS_MSS_CM3_0\ps2_MSS_MSS_CM3_0_hw_platform\Debug\libps2_MSS_MSS_CM3_0_hw_platform.a(mss_spi.o)
 .text.NVIC_DisableIRQ
                0x2000183c       0x3c C:\Users\jimzhang\Documents\ps2try\ps2try\SoftConsole\ps2_MSS_MSS_CM3_0\ps2_MSS_MSS_CM3_0_hw_platform\Debug\libps2_MSS_MSS_CM3_0_hw_platform.a(mss_spi.o)
 .text.NVIC_ClearPendingIRQ
                0x20001878       0x3c C:\Users\jimzhang\Documents\ps2try\ps2try\SoftConsole\ps2_MSS_MSS_CM3_0\ps2_MSS_MSS_CM3_0_hw_platform\Debug\libps2_MSS_MSS_CM3_0_hw_platform.a(mss_spi.o)
 .text.MSS_SPI_init
                0x200018b4      0x134 C:\Users\jimzhang\Documents\ps2try\ps2try\SoftConsole\ps2_MSS_MSS_CM3_0\ps2_MSS_MSS_CM3_0_hw_platform\Debug\libps2_MSS_MSS_CM3_0_hw_platform.a(mss_spi.o)
                0x200018b4                MSS_SPI_init
 .text.recover_from_rx_overflow
                0x200019e8      0x160 C:\Users\jimzhang\Documents\ps2try\ps2try\SoftConsole\ps2_MSS_MSS_CM3_0\ps2_MSS_MSS_CM3_0_hw_platform\Debug\libps2_MSS_MSS_CM3_0_hw_platform.a(mss_spi.o)
 .text.MSS_SPI_configure_master_mode
                0x20001b48      0x120 C:\Users\jimzhang\Documents\ps2try\ps2try\SoftConsole\ps2_MSS_MSS_CM3_0\ps2_MSS_MSS_CM3_0_hw_platform\Debug\libps2_MSS_MSS_CM3_0_hw_platform.a(mss_spi.o)
                0x20001b48                MSS_SPI_configure_master_mode
 .text.MSS_SPI_set_slave_select
                0x20001c68      0x108 C:\Users\jimzhang\Documents\ps2try\ps2try\SoftConsole\ps2_MSS_MSS_CM3_0\ps2_MSS_MSS_CM3_0_hw_platform\Debug\libps2_MSS_MSS_CM3_0_hw_platform.a(mss_spi.o)
                0x20001c68                MSS_SPI_set_slave_select
 .text.MSS_SPI_clear_slave_select
                0x20001d70       0x90 C:\Users\jimzhang\Documents\ps2try\ps2try\SoftConsole\ps2_MSS_MSS_CM3_0\ps2_MSS_MSS_CM3_0_hw_platform\Debug\libps2_MSS_MSS_CM3_0_hw_platform.a(mss_spi.o)
                0x20001d70                MSS_SPI_clear_slave_select
 .text.MSS_SPI_transfer_frame
                0x20001e00       0xec C:\Users\jimzhang\Documents\ps2try\ps2try\SoftConsole\ps2_MSS_MSS_CM3_0\ps2_MSS_MSS_CM3_0_hw_platform\Debug\libps2_MSS_MSS_CM3_0_hw_platform.a(mss_spi.o)
                0x20001e00                MSS_SPI_transfer_frame
 .text.fill_slave_tx_fifo
                0x20001eec       0xe0 C:\Users\jimzhang\Documents\ps2try\ps2try\SoftConsole\ps2_MSS_MSS_CM3_0\ps2_MSS_MSS_CM3_0_hw_platform\Debug\libps2_MSS_MSS_CM3_0_hw_platform.a(mss_spi.o)
 .text.read_slave_rx_fifo
                0x20001fcc       0xac C:\Users\jimzhang\Documents\ps2try\ps2try\SoftConsole\ps2_MSS_MSS_CM3_0\ps2_MSS_MSS_CM3_0_hw_platform\Debug\libps2_MSS_MSS_CM3_0_hw_platform.a(mss_spi.o)
 .text.mss_spi_isr
                0x20002078      0x2b0 C:\Users\jimzhang\Documents\ps2try\ps2try\SoftConsole\ps2_MSS_MSS_CM3_0\ps2_MSS_MSS_CM3_0_hw_platform\Debug\libps2_MSS_MSS_CM3_0_hw_platform.a(mss_spi.o)
 .text.SPI0_IRQHandler
                0x20002328       0x2c C:\Users\jimzhang\Documents\ps2try\ps2try\SoftConsole\ps2_MSS_MSS_CM3_0\ps2_MSS_MSS_CM3_0_hw_platform\Debug\libps2_MSS_MSS_CM3_0_hw_platform.a(mss_spi.o)
                0x20002328                SPI0_IRQHandler
 .text.SPI1_IRQHandler
                0x20002354       0x2c C:\Users\jimzhang\Documents\ps2try\ps2try\SoftConsole\ps2_MSS_MSS_CM3_0\ps2_MSS_MSS_CM3_0_hw_platform\Debug\libps2_MSS_MSS_CM3_0_hw_platform.a(mss_spi.o)
                0x20002354                SPI1_IRQHandler
 .text.NVIC_EnableIRQ
                0x20002380       0x38 C:\Users\jimzhang\Documents\ps2try\ps2try\SoftConsole\ps2_MSS_MSS_CM3_0\ps2_MSS_MSS_CM3_0_hw_platform\Debug\libps2_MSS_MSS_CM3_0_hw_platform.a(mss_gpio.o)
 .text.NVIC_ClearPendingIRQ
                0x200023b8       0x3c C:\Users\jimzhang\Documents\ps2try\ps2try\SoftConsole\ps2_MSS_MSS_CM3_0\ps2_MSS_MSS_CM3_0_hw_platform\Debug\libps2_MSS_MSS_CM3_0_hw_platform.a(mss_gpio.o)
 .text.MSS_GPIO_init
                0x200023f4       0x6c C:\Users\jimzhang\Documents\ps2try\ps2try\SoftConsole\ps2_MSS_MSS_CM3_0\ps2_MSS_MSS_CM3_0_hw_platform\Debug\libps2_MSS_MSS_CM3_0_hw_platform.a(mss_gpio.o)
                0x200023f4                MSS_GPIO_init
 .text.MSS_GPIO_config
                0x20002460       0x3c C:\Users\jimzhang\Documents\ps2try\ps2try\SoftConsole\ps2_MSS_MSS_CM3_0\ps2_MSS_MSS_CM3_0_hw_platform\Debug\libps2_MSS_MSS_CM3_0_hw_platform.a(mss_gpio.o)
                0x20002460                MSS_GPIO_config
 .text.MSS_GPIO_set_output
                0x2000249c       0x40 C:\Users\jimzhang\Documents\ps2try\ps2try\SoftConsole\ps2_MSS_MSS_CM3_0\ps2_MSS_MSS_CM3_0_hw_platform\Debug\libps2_MSS_MSS_CM3_0_hw_platform.a(mss_gpio.o)
                0x2000249c                MSS_GPIO_set_output
 .text.MSS_GPIO_enable_irq
                0x200024dc       0x64 C:\Users\jimzhang\Documents\ps2try\ps2try\SoftConsole\ps2_MSS_MSS_CM3_0\ps2_MSS_MSS_CM3_0_hw_platform\Debug\libps2_MSS_MSS_CM3_0_hw_platform.a(mss_gpio.o)
                0x200024dc                MSS_GPIO_enable_irq
 .text.MSS_GPIO_clear_irq
                0x20002540       0x50 C:\Users\jimzhang\Documents\ps2try\ps2try\SoftConsole\ps2_MSS_MSS_CM3_0\ps2_MSS_MSS_CM3_0_hw_platform\Debug\libps2_MSS_MSS_CM3_0_hw_platform.a(mss_gpio.o)
                0x20002540                MSS_GPIO_clear_irq
 .text.ACE_init
                0x20002590       0x10 C:\Users\jimzhang\Documents\ps2try\ps2try\SoftConsole\ps2_MSS_MSS_CM3_0\ps2_MSS_MSS_CM3_0_hw_platform\Debug\libps2_MSS_MSS_CM3_0_hw_platform.a(mss_ace.o)
                0x20002590                ACE_init
 .text.ACE_get_channel_handle
                0x200025a0       0x74 C:\Users\jimzhang\Documents\ps2try\ps2try\SoftConsole\ps2_MSS_MSS_CM3_0\ps2_MSS_MSS_CM3_0_hw_platform\Debug\libps2_MSS_MSS_CM3_0_hw_platform.a(mss_ace.o)
                0x200025a0                ACE_get_channel_handle
 .text.ACE_get_ppe_sample
                0x20002614       0x54 C:\Users\jimzhang\Documents\ps2try\ps2try\SoftConsole\ps2_MSS_MSS_CM3_0\ps2_MSS_MSS_CM3_0_hw_platform\Debug\libps2_MSS_MSS_CM3_0_hw_platform.a(mss_ace.o)
                0x20002614                ACE_get_ppe_sample
 .text.SystemInit
                0x20002668        0xc C:\Users\jimzhang\Documents\ps2try\ps2try\SoftConsole\ps2_MSS_MSS_CM3_0\ps2_MSS_MSS_CM3_0_hw_platform\Debug\libps2_MSS_MSS_CM3_0_hw_platform.a(system_a2fxxxm3.o)
                0x20002668                SystemInit
 .text.SystemCoreClockUpdate
                0x20002674      0x150 C:\Users\jimzhang\Documents\ps2try\ps2try\SoftConsole\ps2_MSS_MSS_CM3_0\ps2_MSS_MSS_CM3_0_hw_platform\Debug\libps2_MSS_MSS_CM3_0_hw_platform.a(system_a2fxxxm3.o)
                0x20002674                SystemCoreClockUpdate
 .text.GetSystemClock
                0x200027c4       0xe8 C:\Users\jimzhang\Documents\ps2try\ps2try\SoftConsole\ps2_MSS_MSS_CM3_0\ps2_MSS_MSS_CM3_0_hw_platform\Debug\libps2_MSS_MSS_CM3_0_hw_platform.a(system_a2fxxxm3.o)
 .text.ace_init_convert
                0x200028ac      0x1b4 C:\Users\jimzhang\Documents\ps2try\ps2try\SoftConsole\ps2_MSS_MSS_CM3_0\ps2_MSS_MSS_CM3_0_hw_platform\Debug\libps2_MSS_MSS_CM3_0_hw_platform.a(ace_convert.o)
                0x200028ac                ace_init_convert
 .text.NVIC_ClearPendingIRQ
                0x20002a60       0x3c C:\Users\jimzhang\Documents\ps2try\ps2try\SoftConsole\ps2_MSS_MSS_CM3_0\ps2_MSS_MSS_CM3_0_hw_platform\Debug\libps2_MSS_MSS_CM3_0_hw_platform.a(ace_flags.o)
 .text.ace_init_flags
                0x20002a9c        0xc C:\Users\jimzhang\Documents\ps2try\ps2try\SoftConsole\ps2_MSS_MSS_CM3_0\ps2_MSS_MSS_CM3_0_hw_platform\Debug\libps2_MSS_MSS_CM3_0_hw_platform.a(ace_flags.o)
                0x20002a9c                ace_init_flags
 .text.process_flag_irq
                0x20002aa8       0x14 C:\Users\jimzhang\Documents\ps2try\ps2try\SoftConsole\ps2_MSS_MSS_CM3_0\ps2_MSS_MSS_CM3_0_hw_platform\Debug\libps2_MSS_MSS_CM3_0_hw_platform.a(ace_flags.o)
 .text.ACE_PPE_Flag0_IRQHandler
                0x20002abc       0x28 C:\Users\jimzhang\Documents\ps2try\ps2try\SoftConsole\ps2_MSS_MSS_CM3_0\ps2_MSS_MSS_CM3_0_hw_platform\Debug\libps2_MSS_MSS_CM3_0_hw_platform.a(ace_flags.o)
                0x20002abc                ACE_PPE_Flag0_IRQHandler
 .text.ACE_PPE_Flag1_IRQHandler
                0x20002ae4       0x28 C:\Users\jimzhang\Documents\ps2try\ps2try\SoftConsole\ps2_MSS_MSS_CM3_0\ps2_MSS_MSS_CM3_0_hw_platform\Debug\libps2_MSS_MSS_CM3_0_hw_platform.a(ace_flags.o)
                0x20002ae4                ACE_PPE_Flag1_IRQHandler
 .text.ACE_PPE_Flag2_IRQHandler
                0x20002b0c       0x28 C:\Users\jimzhang\Documents\ps2try\ps2try\SoftConsole\ps2_MSS_MSS_CM3_0\ps2_MSS_MSS_CM3_0_hw_platform\Debug\libps2_MSS_MSS_CM3_0_hw_platform.a(ace_flags.o)
                0x20002b0c                ACE_PPE_Flag2_IRQHandler
 .text.ACE_PPE_Flag3_IRQHandler
                0x20002b34       0x28 C:\Users\jimzhang\Documents\ps2try\ps2try\SoftConsole\ps2_MSS_MSS_CM3_0\ps2_MSS_MSS_CM3_0_hw_platform\Debug\libps2_MSS_MSS_CM3_0_hw_platform.a(ace_flags.o)
                0x20002b34                ACE_PPE_Flag3_IRQHandler
 .text.ACE_PPE_Flag4_IRQHandler
                0x20002b5c       0x28 C:\Users\jimzhang\Documents\ps2try\ps2try\SoftConsole\ps2_MSS_MSS_CM3_0\ps2_MSS_MSS_CM3_0_hw_platform\Debug\libps2_MSS_MSS_CM3_0_hw_platform.a(ace_flags.o)
                0x20002b5c                ACE_PPE_Flag4_IRQHandler
 .text.ACE_PPE_Flag5_IRQHandler
                0x20002b84       0x28 C:\Users\jimzhang\Documents\ps2try\ps2try\SoftConsole\ps2_MSS_MSS_CM3_0\ps2_MSS_MSS_CM3_0_hw_platform\Debug\libps2_MSS_MSS_CM3_0_hw_platform.a(ace_flags.o)
                0x20002b84                ACE_PPE_Flag5_IRQHandler
 .text.ACE_PPE_Flag6_IRQHandler
                0x20002bac       0x28 C:\Users\jimzhang\Documents\ps2try\ps2try\SoftConsole\ps2_MSS_MSS_CM3_0\ps2_MSS_MSS_CM3_0_hw_platform\Debug\libps2_MSS_MSS_CM3_0_hw_platform.a(ace_flags.o)
                0x20002bac                ACE_PPE_Flag6_IRQHandler
 .text.ACE_PPE_Flag7_IRQHandler
                0x20002bd4       0x28 C:\Users\jimzhang\Documents\ps2try\ps2try\SoftConsole\ps2_MSS_MSS_CM3_0\ps2_MSS_MSS_CM3_0_hw_platform\Debug\libps2_MSS_MSS_CM3_0_hw_platform.a(ace_flags.o)
                0x20002bd4                ACE_PPE_Flag7_IRQHandler
 .text.ACE_PPE_Flag8_IRQHandler
                0x20002bfc       0x28 C:\Users\jimzhang\Documents\ps2try\ps2try\SoftConsole\ps2_MSS_MSS_CM3_0\ps2_MSS_MSS_CM3_0_hw_platform\Debug\libps2_MSS_MSS_CM3_0_hw_platform.a(ace_flags.o)
                0x20002bfc                ACE_PPE_Flag8_IRQHandler
 .text.ACE_PPE_Flag9_IRQHandler
                0x20002c24       0x28 C:\Users\jimzhang\Documents\ps2try\ps2try\SoftConsole\ps2_MSS_MSS_CM3_0\ps2_MSS_MSS_CM3_0_hw_platform\Debug\libps2_MSS_MSS_CM3_0_hw_platform.a(ace_flags.o)
                0x20002c24                ACE_PPE_Flag9_IRQHandler
 .text.ACE_PPE_Flag10_IRQHandler
                0x20002c4c       0x28 C:\Users\jimzhang\Documents\ps2try\ps2try\SoftConsole\ps2_MSS_MSS_CM3_0\ps2_MSS_MSS_CM3_0_hw_platform\Debug\libps2_MSS_MSS_CM3_0_hw_platform.a(ace_flags.o)
                0x20002c4c                ACE_PPE_Flag10_IRQHandler
 .text.ACE_PPE_Flag11_IRQHandler
                0x20002c74       0x28 C:\Users\jimzhang\Documents\ps2try\ps2try\SoftConsole\ps2_MSS_MSS_CM3_0\ps2_MSS_MSS_CM3_0_hw_platform\Debug\libps2_MSS_MSS_CM3_0_hw_platform.a(ace_flags.o)
                0x20002c74                ACE_PPE_Flag11_IRQHandler
 .text.ACE_PPE_Flag12_IRQHandler
                0x20002c9c       0x28 C:\Users\jimzhang\Documents\ps2try\ps2try\SoftConsole\ps2_MSS_MSS_CM3_0\ps2_MSS_MSS_CM3_0_hw_platform\Debug\libps2_MSS_MSS_CM3_0_hw_platform.a(ace_flags.o)
                0x20002c9c                ACE_PPE_Flag12_IRQHandler
 .text.ACE_PPE_Flag13_IRQHandler
                0x20002cc4       0x28 C:\Users\jimzhang\Documents\ps2try\ps2try\SoftConsole\ps2_MSS_MSS_CM3_0\ps2_MSS_MSS_CM3_0_hw_platform\Debug\libps2_MSS_MSS_CM3_0_hw_platform.a(ace_flags.o)
                0x20002cc4                ACE_PPE_Flag13_IRQHandler
 .text.ACE_PPE_Flag14_IRQHandler
                0x20002cec       0x28 C:\Users\jimzhang\Documents\ps2try\ps2try\SoftConsole\ps2_MSS_MSS_CM3_0\ps2_MSS_MSS_CM3_0_hw_platform\Debug\libps2_MSS_MSS_CM3_0_hw_platform.a(ace_flags.o)
                0x20002cec                ACE_PPE_Flag14_IRQHandler
 .text.ACE_PPE_Flag15_IRQHandler
                0x20002d14       0x28 C:\Users\jimzhang\Documents\ps2try\ps2try\SoftConsole\ps2_MSS_MSS_CM3_0\ps2_MSS_MSS_CM3_0_hw_platform\Debug\libps2_MSS_MSS_CM3_0_hw_platform.a(ace_flags.o)
                0x20002d14                ACE_PPE_Flag15_IRQHandler
 .text.ACE_PPE_Flag16_IRQHandler
                0x20002d3c       0x28 C:\Users\jimzhang\Documents\ps2try\ps2try\SoftConsole\ps2_MSS_MSS_CM3_0\ps2_MSS_MSS_CM3_0_hw_platform\Debug\libps2_MSS_MSS_CM3_0_hw_platform.a(ace_flags.o)
                0x20002d3c                ACE_PPE_Flag16_IRQHandler
 .text.ACE_PPE_Flag17_IRQHandler
                0x20002d64       0x28 C:\Users\jimzhang\Documents\ps2try\ps2try\SoftConsole\ps2_MSS_MSS_CM3_0\ps2_MSS_MSS_CM3_0_hw_platform\Debug\libps2_MSS_MSS_CM3_0_hw_platform.a(ace_flags.o)
                0x20002d64                ACE_PPE_Flag17_IRQHandler
 .text.ACE_PPE_Flag18_IRQHandler
                0x20002d8c       0x28 C:\Users\jimzhang\Documents\ps2try\ps2try\SoftConsole\ps2_MSS_MSS_CM3_0\ps2_MSS_MSS_CM3_0_hw_platform\Debug\libps2_MSS_MSS_CM3_0_hw_platform.a(ace_flags.o)
                0x20002d8c                ACE_PPE_Flag18_IRQHandler
 .text.ACE_PPE_Flag19_IRQHandler
                0x20002db4       0x28 C:\Users\jimzhang\Documents\ps2try\ps2try\SoftConsole\ps2_MSS_MSS_CM3_0\ps2_MSS_MSS_CM3_0_hw_platform\Debug\libps2_MSS_MSS_CM3_0_hw_platform.a(ace_flags.o)
                0x20002db4                ACE_PPE_Flag19_IRQHandler
 .text.ACE_PPE_Flag20_IRQHandler
                0x20002ddc       0x28 C:\Users\jimzhang\Documents\ps2try\ps2try\SoftConsole\ps2_MSS_MSS_CM3_0\ps2_MSS_MSS_CM3_0_hw_platform\Debug\libps2_MSS_MSS_CM3_0_hw_platform.a(ace_flags.o)
                0x20002ddc                ACE_PPE_Flag20_IRQHandler
 .text.ACE_PPE_Flag21_IRQHandler
                0x20002e04       0x28 C:\Users\jimzhang\Documents\ps2try\ps2try\SoftConsole\ps2_MSS_MSS_CM3_0\ps2_MSS_MSS_CM3_0_hw_platform\Debug\libps2_MSS_MSS_CM3_0_hw_platform.a(ace_flags.o)
                0x20002e04                ACE_PPE_Flag21_IRQHandler
 .text.ACE_PPE_Flag22_IRQHandler
                0x20002e2c       0x28 C:\Users\jimzhang\Documents\ps2try\ps2try\SoftConsole\ps2_MSS_MSS_CM3_0\ps2_MSS_MSS_CM3_0_hw_platform\Debug\libps2_MSS_MSS_CM3_0_hw_platform.a(ace_flags.o)
                0x20002e2c                ACE_PPE_Flag22_IRQHandler
 .text.ACE_PPE_Flag23_IRQHandler
                0x20002e54       0x28 C:\Users\jimzhang\Documents\ps2try\ps2try\SoftConsole\ps2_MSS_MSS_CM3_0\ps2_MSS_MSS_CM3_0_hw_platform\Debug\libps2_MSS_MSS_CM3_0_hw_platform.a(ace_flags.o)
                0x20002e54                ACE_PPE_Flag23_IRQHandler
 .text.ACE_PPE_Flag24_IRQHandler
                0x20002e7c       0x28 C:\Users\jimzhang\Documents\ps2try\ps2try\SoftConsole\ps2_MSS_MSS_CM3_0\ps2_MSS_MSS_CM3_0_hw_platform\Debug\libps2_MSS_MSS_CM3_0_hw_platform.a(ace_flags.o)
                0x20002e7c                ACE_PPE_Flag24_IRQHandler
 .text.ACE_PPE_Flag25_IRQHandler
                0x20002ea4       0x28 C:\Users\jimzhang\Documents\ps2try\ps2try\SoftConsole\ps2_MSS_MSS_CM3_0\ps2_MSS_MSS_CM3_0_hw_platform\Debug\libps2_MSS_MSS_CM3_0_hw_platform.a(ace_flags.o)
                0x20002ea4                ACE_PPE_Flag25_IRQHandler
 .text.ACE_PPE_Flag26_IRQHandler
                0x20002ecc       0x28 C:\Users\jimzhang\Documents\ps2try\ps2try\SoftConsole\ps2_MSS_MSS_CM3_0\ps2_MSS_MSS_CM3_0_hw_platform\Debug\libps2_MSS_MSS_CM3_0_hw_platform.a(ace_flags.o)
                0x20002ecc                ACE_PPE_Flag26_IRQHandler
 .text.ACE_PPE_Flag27_IRQHandler
                0x20002ef4       0x28 C:\Users\jimzhang\Documents\ps2try\ps2try\SoftConsole\ps2_MSS_MSS_CM3_0\ps2_MSS_MSS_CM3_0_hw_platform\Debug\libps2_MSS_MSS_CM3_0_hw_platform.a(ace_flags.o)
                0x20002ef4                ACE_PPE_Flag27_IRQHandler
 .text.ACE_PPE_Flag28_IRQHandler
                0x20002f1c       0x28 C:\Users\jimzhang\Documents\ps2try\ps2try\SoftConsole\ps2_MSS_MSS_CM3_0\ps2_MSS_MSS_CM3_0_hw_platform\Debug\libps2_MSS_MSS_CM3_0_hw_platform.a(ace_flags.o)
                0x20002f1c                ACE_PPE_Flag28_IRQHandler
 .text.ACE_PPE_Flag29_IRQHandler
                0x20002f44       0x28 C:\Users\jimzhang\Documents\ps2try\ps2try\SoftConsole\ps2_MSS_MSS_CM3_0\ps2_MSS_MSS_CM3_0_hw_platform\Debug\libps2_MSS_MSS_CM3_0_hw_platform.a(ace_flags.o)
                0x20002f44                ACE_PPE_Flag29_IRQHandler
 .text.ACE_PPE_Flag30_IRQHandler
                0x20002f6c       0x28 C:\Users\jimzhang\Documents\ps2try\ps2try\SoftConsole\ps2_MSS_MSS_CM3_0\ps2_MSS_MSS_CM3_0_hw_platform\Debug\libps2_MSS_MSS_CM3_0_hw_platform.a(ace_flags.o)
                0x20002f6c                ACE_PPE_Flag30_IRQHandler
 .text.ACE_PPE_Flag31_IRQHandler
                0x20002f94       0x28 C:\Users\jimzhang\Documents\ps2try\ps2try\SoftConsole\ps2_MSS_MSS_CM3_0\ps2_MSS_MSS_CM3_0_hw_platform\Debug\libps2_MSS_MSS_CM3_0_hw_platform.a(ace_flags.o)
                0x20002f94                ACE_PPE_Flag31_IRQHandler
 .text          0x20002fbc       0x50 c:/microsemi/softconsole v3.3/sourcery-g++/bin/../lib/gcc/arm-none-eabi/4.4.1/../../../../arm-none-eabi/lib/thumb2\libc.a(lib_a-init.o)
                0x20002fbc                __libc_init_array
 .text          0x2000300c       0xd4 c:/microsemi/softconsole v3.3/sourcery-g++/bin/../lib/gcc/arm-none-eabi/4.4.1/../../../../arm-none-eabi/lib/thumb2\libc.a(lib_a-memset.o)
                0x2000300c                memset
 .text          0x200030e0       0x64 c:/microsemi/softconsole v3.3/sourcery-g++/bin/../lib/gcc/arm-none-eabi/4.4.1/../../../../arm-none-eabi/lib/thumb2\libc.a(lib_a-printf.o)
                0x200030e0                printf
                0x20003118                _printf_r
 .text          0x20003144       0xa8 c:/microsemi/softconsole v3.3/sourcery-g++/bin/../lib/gcc/arm-none-eabi/4.4.1/../../../../arm-none-eabi/lib/thumb2\libc.a(lib_a-strncmp.o)
                0x20003144                strncmp
 .text          0x200031ec     0x1940 c:/microsemi/softconsole v3.3/sourcery-g++/bin/../lib/gcc/arm-none-eabi/4.4.1/../../../../arm-none-eabi/lib/thumb2\libc.a(lib_a-vfprintf.o)
                0x20003208                _vfprintf_r
                0x20004b10                vfprintf
 .text          0x20004b2c      0x104 c:/microsemi/softconsole v3.3/sourcery-g++/bin/../lib/gcc/arm-none-eabi/4.4.1/../../../../arm-none-eabi/lib/thumb2\libc.a(lib_a-wsetup.o)
                0x20004b2c                __swsetup_r
 .text          0x20004c30      0xfb8 c:/microsemi/softconsole v3.3/sourcery-g++/bin/../lib/gcc/arm-none-eabi/4.4.1/../../../../arm-none-eabi/lib/thumb2\libc.a(lib_a-dtoa.o)
                0x20004d50                _dtoa_r
 .text          0x20005be8      0x178 c:/microsemi/softconsole v3.3/sourcery-g++/bin/../lib/gcc/arm-none-eabi/4.4.1/../../../../arm-none-eabi/lib/thumb2\libc.a(lib_a-fflush.o)
                0x20005be8                _fflush_r
                0x20005d38                fflush
 .text          0x20005d60      0x1c8 c:/microsemi/softconsole v3.3/sourcery-g++/bin/../lib/gcc/arm-none-eabi/4.4.1/../../../../arm-none-eabi/lib/thumb2\libc.a(lib_a-findfp.o)
                0x20005d60                __sfp_lock_acquire
                0x20005d64                __sfp_lock_release
                0x20005d68                __sinit_lock_acquire
                0x20005d6c                __sinit_lock_release
                0x20005d78                __fp_unlock_all
                0x20005d90                __fp_lock_all
                0x20005da8                _cleanup_r
                0x20005db4                _cleanup
                0x20005e10                __sfmoreglue
                0x20005e40                __sfp
                0x20005ec8                __sinit
 .text          0x20005f28      0x268 c:/microsemi/softconsole v3.3/sourcery-g++/bin/../lib/gcc/arm-none-eabi/4.4.1/../../../../arm-none-eabi/lib/thumb2\libc.a(lib_a-freer.o)
                0x20005f28                _malloc_trim_r
                0x20005fd0                _free_r
 .text          0x20006190      0x334 c:/microsemi/softconsole v3.3/sourcery-g++/bin/../lib/gcc/arm-none-eabi/4.4.1/../../../../arm-none-eabi/lib/thumb2\libc.a(lib_a-fvwrite.o)
                0x20006190                __sfvwrite_r
 .text          0x200064c4       0xa0 c:/microsemi/softconsole v3.3/sourcery-g++/bin/../lib/gcc/arm-none-eabi/4.4.1/../../../../arm-none-eabi/lib/thumb2\libc.a(lib_a-fwalk.o)
                0x200064c4                _fwalk_reent
                0x20006518                _fwalk
 .text          0x20006564       0x74 c:/microsemi/softconsole v3.3/sourcery-g++/bin/../lib/gcc/arm-none-eabi/4.4.1/../../../../arm-none-eabi/lib/thumb2\libc.a(lib_a-locale.o)
                0x20006564                __locale_charset
                0x20006570                _localeconv_r
                0x20006578                localeconv
                0x20006580                _setlocale_r
                0x200065c8                setlocale
 .text          0x200065d8       0xdc c:/microsemi/softconsole v3.3/sourcery-g++/bin/../lib/gcc/arm-none-eabi/4.4.1/../../../../arm-none-eabi/lib/thumb2\libc.a(lib_a-makebuf.o)
                0x200065d8                __smakebuf_r
 .text          0x200066b4       0x20 c:/microsemi/softconsole v3.3/sourcery-g++/bin/../lib/gcc/arm-none-eabi/4.4.1/../../../../arm-none-eabi/lib/thumb2\libc.a(lib_a-malloc.o)
                0x200066b4                free
                0x200066c4                malloc
 .text          0x200066d4      0x5a4 c:/microsemi/softconsole v3.3/sourcery-g++/bin/../lib/gcc/arm-none-eabi/4.4.1/../../../../arm-none-eabi/lib/thumb2\libc.a(lib_a-mallocr.o)
                0x200066d4                _malloc_r
 .text          0x20006c78       0x74 c:/microsemi/softconsole v3.3/sourcery-g++/bin/../lib/gcc/arm-none-eabi/4.4.1/../../../../arm-none-eabi/lib/thumb2\libc.a(lib_a-memchr.o)
                0x20006c78                memchr
 .text          0x20006cec      0x190 c:/microsemi/softconsole v3.3/sourcery-g++/bin/../lib/gcc/arm-none-eabi/4.4.1/../../../../arm-none-eabi/lib/thumb2\libc.a(lib_a-memcpy.o)
                0x20006cec                memcpy
 .text          0x20006e7c       0xb8 c:/microsemi/softconsole v3.3/sourcery-g++/bin/../lib/gcc/arm-none-eabi/4.4.1/../../../../arm-none-eabi/lib/thumb2\libc.a(lib_a-memmove.o)
                0x20006e7c                memmove
 .text          0x20006f34        0x8 c:/microsemi/softconsole v3.3/sourcery-g++/bin/../lib/gcc/arm-none-eabi/4.4.1/../../../../arm-none-eabi/lib/thumb2\libc.a(lib_a-mlock.o)
                0x20006f34                __malloc_lock
                0x20006f38                __malloc_unlock
 .text          0x20006f3c      0x958 c:/microsemi/softconsole v3.3/sourcery-g++/bin/../lib/gcc/arm-none-eabi/4.4.1/../../../../arm-none-eabi/lib/thumb2\libc.a(lib_a-mprec.o)
                0x20006f3c                __hi0bits
                0x20006f7c                __lo0bits
                0x20006fe0                __mcmp
                0x20007020                __ulp
                0x2000706c                __b2d
                0x20007114                __ratio
                0x20007174                _mprec_log10
                0x200071ac                __copybits
                0x200071fc                __any_on
                0x20007254                _Bfree
                0x2000728c                _Balloc
                0x200072f8                __d2b
                0x200073c8                __mdiff
                0x200074c0                __lshift
                0x2000757c                __multiply
                0x200076b0                __i2b
                0x200076c4                __multadd
                0x2000774c                __pow5mult
                0x200077f8                __s2b
 .text          0x20007894      0x3b4 c:/microsemi/softconsole v3.3/sourcery-g++/bin/../lib/gcc/arm-none-eabi/4.4.1/../../../../arm-none-eabi/lib/thumb2\libc.a(lib_a-reallocr.o)
                0x20007894                _realloc_r
 .text          0x20007c48       0x24 c:/microsemi/softconsole v3.3/sourcery-g++/bin/../lib/gcc/arm-none-eabi/4.4.1/../../../../arm-none-eabi/lib/thumb2\libc.a(lib_a-s_isinfd.o)
                0x20007c48                __isinfd
 .text          0x20007c6c       0x1c c:/microsemi/softconsole v3.3/sourcery-g++/bin/../lib/gcc/arm-none-eabi/4.4.1/../../../../arm-none-eabi/lib/thumb2\libc.a(lib_a-s_isnand.o)
                0x20007c6c                __isnand
 .text          0x20007c88       0x28 c:/microsemi/softconsole v3.3/sourcery-g++/bin/../lib/gcc/arm-none-eabi/4.4.1/../../../../arm-none-eabi/lib/thumb2\libc.a(lib_a-sbrkr.o)
                0x20007c88                _sbrk_r
 .text          0x20007cb0       0x90 c:/microsemi/softconsole v3.3/sourcery-g++/bin/../lib/gcc/arm-none-eabi/4.4.1/../../../../arm-none-eabi/lib/thumb2\libc.a(lib_a-stdio.o)
                0x20007cb0                __sclose
                0x20007cb8                __sseek
                0x20007ce0                __swrite
                0x20007d1c                __sread
 .text          0x20007d40      0x1dc c:/microsemi/softconsole v3.3/sourcery-g++/bin/../lib/gcc/arm-none-eabi/4.4.1/../../../../arm-none-eabi/lib/thumb2\libc.a(lib_a-strcmp.o)
                0x20007d40                strcmp
 .text          0x20007f1c       0x60 c:/microsemi/softconsole v3.3/sourcery-g++/bin/../lib/gcc/arm-none-eabi/4.4.1/../../../../arm-none-eabi/lib/thumb2\libc.a(lib_a-strlen.o)
                0x20007f1c                strlen
 .text          0x20007f7c       0x5c c:/microsemi/softconsole v3.3/sourcery-g++/bin/../lib/gcc/arm-none-eabi/4.4.1/../../../../arm-none-eabi/lib/thumb2\libc.a(lib_a-callocr.o)
                0x20007f7c                _calloc_r
 .text          0x20007fd8       0x28 c:/microsemi/softconsole v3.3/sourcery-g++/bin/../lib/gcc/arm-none-eabi/4.4.1/../../../../arm-none-eabi/lib/thumb2\libc.a(lib_a-closer.o)
                0x20007fd8                _close_r
 .text          0x20008000       0xcc c:/microsemi/softconsole v3.3/sourcery-g++/bin/../lib/gcc/arm-none-eabi/4.4.1/../../../../arm-none-eabi/lib/thumb2\libc.a(lib_a-fclose.o)
                0x20008000                _fclose_r
                0x200080bc                fclose
 .text          0x200080cc       0x2c c:/microsemi/softconsole v3.3/sourcery-g++/bin/../lib/gcc/arm-none-eabi/4.4.1/../../../../arm-none-eabi/lib/thumb2\libc.a(lib_a-fstatr.o)
                0x200080cc                _fstat_r
 .text          0x200080f8       0x28 c:/microsemi/softconsole v3.3/sourcery-g++/bin/../lib/gcc/arm-none-eabi/4.4.1/../../../../arm-none-eabi/lib/thumb2\libc.a(lib_a-isattyr.o)
                0x200080f8                _isatty_r
 .text          0x20008120       0x2c c:/microsemi/softconsole v3.3/sourcery-g++/bin/../lib/gcc/arm-none-eabi/4.4.1/../../../../arm-none-eabi/lib/thumb2\libc.a(lib_a-lseekr.o)
                0x20008120                _lseek_r
 .text          0x2000814c       0x2c c:/microsemi/softconsole v3.3/sourcery-g++/bin/../lib/gcc/arm-none-eabi/4.4.1/../../../../arm-none-eabi/lib/thumb2\libc.a(lib_a-readr.o)
                0x2000814c                _read_r
 .text          0x20008178      0x278 c:/microsemi/softconsole v3.3/sourcery-g++/bin/../lib/gcc/arm-none-eabi/4.4.1/thumb2\libgcc.a(_udivsi3.o)
                0x20008178                __aeabi_uidiv
                0x20008178                __udivsi3
                0x200083d4                __aeabi_uidivmod
 .text          0x200083f0        0x4 c:/microsemi/softconsole v3.3/sourcery-g++/bin/../lib/gcc/arm-none-eabi/4.4.1/thumb2\libgcc.a(_dvmd_tls.o)
                0x200083f0                __aeabi_idiv0
                0x200083f0                __aeabi_ldiv0
 .text          0x200083f4      0x370 c:/microsemi/softconsole v3.3/sourcery-g++/bin/../lib/gcc/arm-none-eabi/4.4.1/thumb2\libgcc.a(_arm_addsubdf3.o)
                0x200083f4                __aeabi_drsub
                0x200083fc                __aeabi_dsub
                0x200083fc                __subdf3
                0x20008400                __aeabi_dadd
                0x20008400                __adddf3
                0x20008678                __floatunsidf
                0x20008678                __aeabi_ui2d
                0x20008698                __floatsidf
                0x20008698                __aeabi_i2d
                0x200086bc                __aeabi_f2d
                0x200086bc                __extendsfdf2
                0x200086f8                __floatundidf
                0x200086f8                __aeabi_ul2d
                0x20008708                __floatdidf
                0x20008708                __aeabi_l2d
 .text          0x20008764      0x424 c:/microsemi/softconsole v3.3/sourcery-g++/bin/../lib/gcc/arm-none-eabi/4.4.1/thumb2\libgcc.a(_arm_muldivdf3.o)
                0x20008764                __aeabi_dmul
                0x20008764                __muldf3
                0x200089b8                __divdf3
                0x200089b8                __aeabi_ddiv
 .text          0x20008b88      0x110 c:/microsemi/softconsole v3.3/sourcery-g++/bin/../lib/gcc/arm-none-eabi/4.4.1/thumb2\libgcc.a(_arm_cmpdf2.o)
                0x20008b88                __gtdf2
                0x20008b88                __gedf2
                0x20008b90                __ltdf2
                0x20008b90                __ledf2
                0x20008b98                __nedf2
                0x20008b98                __eqdf2
                0x20008b98                __cmpdf2
                0x20008c14                __aeabi_cdrcmple
                0x20008c24                __aeabi_cdcmpeq
                0x20008c24                __aeabi_cdcmple
                0x20008c34                __aeabi_dcmpeq
                0x20008c48                __aeabi_dcmplt
                0x20008c5c                __aeabi_dcmple
                0x20008c70                __aeabi_dcmpge
                0x20008c84                __aeabi_dcmpgt
 .text          0x20008c98       0x50 c:/microsemi/softconsole v3.3/sourcery-g++/bin/../lib/gcc/arm-none-eabi/4.4.1/thumb2\libgcc.a(_arm_fixdfsi.o)
                0x20008c98                __aeabi_d2iz
                0x20008c98                __fixdfsi
 .text          0x20008ce8       0x2c c:/microsemi/softconsole v3.3/sourcery-g++/bin/../lib/gcc/arm-none-eabi/4.4.1/thumb2\libgcc.a(_aeabi_uldivmod.o)
                0x20008ce8                __aeabi_uldivmod
 .text          0x20008d14       0x58 c:/microsemi/softconsole v3.3/sourcery-g++/bin/../lib/gcc/arm-none-eabi/4.4.1/thumb2\libgcc.a(bpabi.o)
                0x20008d14                __gnu_uldivmod_helper
                0x20008d40                __gnu_ldivmod_helper
 .text          0x20008d6c      0x364 c:/microsemi/softconsole v3.3/sourcery-g++/bin/../lib/gcc/arm-none-eabi/4.4.1/thumb2\libgcc.a(_divdi3.o)
                0x20008d6c                __divdi3
 .text          0x200090d0      0x300 c:/microsemi/softconsole v3.3/sourcery-g++/bin/../lib/gcc/arm-none-eabi/4.4.1/thumb2\libgcc.a(_udivdi3.o)
                0x200090d0                __udivdi3
 *(.plt)
 *(.gnu.warning)
 *(.glue_7t)
 .glue_7t       0x00000000        0x0 linker stubs
 *(.glue_7)
 .glue_7        0x00000000        0x0 linker stubs
 *(.vfp11_veneer)
 .vfp11_veneer  0x00000000        0x0 linker stubs
                0x200093d0                . = ALIGN (0x4)
 *crtbegin.o(.ctors)
 *(EXCLUDE_FILE(*crtend.o) .ctors)
 *(SORT(.ctors.*))
 *crtend.o(.ctors)
 *crtbegin.o(.dtors)
 *(EXCLUDE_FILE(*crtend.o) .dtors)
 *(SORT(.dtors.*))
 *crtend.o(.dtors)
 *(.rodata .rodata.* .gnu.linkonce.r.*)
 .rodata.C.37.4212
                0x200093d0       0x24 ./main.o
 .rodata.C.36.4211
                0x200093f4       0x14 ./main.o
 .rodata.str1.4
                0x20009408       0x5e ./main.o
                                 0x60 (size before relaxing)
 *fill*         0x20009466        0x2 00
 .rodata        0x20009468       0x1c C:/Users/jimzhang/Documents/ps2try/ps2try/SoftConsole/ps2_MSS_MSS_CM3_0/ps2_MSS_MSS_CM3_0_hw_platform/Debug/CMSIS/startup_gcc/newlib_stubs.o
 .rodata.g_config_reg_lut
                0x20009484       0x80 C:\Users\jimzhang\Documents\ps2try\ps2try\SoftConsole\ps2_MSS_MSS_CM3_0\ps2_MSS_MSS_CM3_0_hw_platform\Debug\libps2_MSS_MSS_CM3_0_hw_platform.a(mss_gpio.o)
 .rodata.g_gpio_irqn_lut
                0x20009504       0x40 C:\Users\jimzhang\Documents\ps2try\ps2try\SoftConsole\ps2_MSS_MSS_CM3_0\ps2_MSS_MSS_CM3_0_hw_platform\Debug\libps2_MSS_MSS_CM3_0_hw_platform.a(mss_gpio.o)
 .rodata.C.18.2576
                0x20009544       0x10 C:\Users\jimzhang\Documents\ps2try\ps2try\SoftConsole\ps2_MSS_MSS_CM3_0\ps2_MSS_MSS_CM3_0_hw_platform\Debug\libps2_MSS_MSS_CM3_0_hw_platform.a(system_a2fxxxm3.o)
 .rodata.g_ace_channel_0_name
                0x20009554       0x14 C:\Users\jimzhang\Documents\ps2try\ps2try\SoftConsole\ps2_MSS_MSS_CM3_0\ps2_MSS_MSS_CM3_0_hw_platform\Debug\libps2_MSS_MSS_CM3_0_hw_platform.a(ace_config.o)
                0x20009554                g_ace_channel_0_name
 .rodata.g_ace_channel_1_name
                0x20009568       0x14 C:\Users\jimzhang\Documents\ps2try\ps2try\SoftConsole\ps2_MSS_MSS_CM3_0\ps2_MSS_MSS_CM3_0_hw_platform\Debug\libps2_MSS_MSS_CM3_0_hw_platform.a(ace_config.o)
                0x20009568                g_ace_channel_1_name
 .rodata.g_ace_channel_2_name
                0x2000957c       0x14 C:\Users\jimzhang\Documents\ps2try\ps2try\SoftConsole\ps2_MSS_MSS_CM3_0\ps2_MSS_MSS_CM3_0_hw_platform\Debug\libps2_MSS_MSS_CM3_0_hw_platform.a(ace_config.o)
                0x2000957c                g_ace_channel_2_name
 .rodata.g_ace_channel_3_name
                0x20009590       0x14 C:\Users\jimzhang\Documents\ps2try\ps2try\SoftConsole\ps2_MSS_MSS_CM3_0\ps2_MSS_MSS_CM3_0_hw_platform\Debug\libps2_MSS_MSS_CM3_0_hw_platform.a(ace_config.o)
                0x20009590                g_ace_channel_3_name
 .rodata.channel_type_lut
                0x200095a4       0x30 C:\Users\jimzhang\Documents\ps2try\ps2try\SoftConsole\ps2_MSS_MSS_CM3_0\ps2_MSS_MSS_CM3_0_hw_platform\Debug\libps2_MSS_MSS_CM3_0_hw_platform.a(ace_convert.o)
 .rodata.channel_quad_lut
                0x200095d4       0x30 C:\Users\jimzhang\Documents\ps2try\ps2try\SoftConsole\ps2_MSS_MSS_CM3_0\ps2_MSS_MSS_CM3_0_hw_platform\Debug\libps2_MSS_MSS_CM3_0_hw_platform.a(ace_convert.o)
 .rodata        0x20009604        0x4 c:/microsemi/softconsole v3.3/sourcery-g++/bin/../lib/gcc/arm-none-eabi/4.4.1/../../../../arm-none-eabi/lib/thumb2\libc.a(lib_a-impure.o)
                0x20009604                _global_impure_ptr
 .rodata.str1.4
                0x20009608        0x2 c:/microsemi/softconsole v3.3/sourcery-g++/bin/../lib/gcc/arm-none-eabi/4.4.1/../../../../arm-none-eabi/lib/thumb2\libc.a(lib_a-impure.o)
                                  0x4 (size before relaxing)
 *fill*         0x2000960a        0x2 00
 .rodata        0x2000960c       0x20 c:/microsemi/softconsole v3.3/sourcery-g++/bin/../lib/gcc/arm-none-eabi/4.4.1/../../../../arm-none-eabi/lib/thumb2\libc.a(lib_a-vfprintf.o)
 .rodata.str1.4
                0x2000962c       0x42 c:/microsemi/softconsole v3.3/sourcery-g++/bin/../lib/gcc/arm-none-eabi/4.4.1/../../../../arm-none-eabi/lib/thumb2\libc.a(lib_a-vfprintf.o)
                                 0x44 (size before relaxing)
 *fill*         0x2000966e        0x2 00
 .rodata.str1.4
                0x20009670       0x10 c:/microsemi/softconsole v3.3/sourcery-g++/bin/../lib/gcc/arm-none-eabi/4.4.1/../../../../arm-none-eabi/lib/thumb2\libc.a(lib_a-dtoa.o)
                                 0x14 (size before relaxing)
 .rodata        0x20009680       0x60 c:/microsemi/softconsole v3.3/sourcery-g++/bin/../lib/gcc/arm-none-eabi/4.4.1/../../../../arm-none-eabi/lib/thumb2\libc.a(lib_a-findfp.o)
                0x20009680                __sf_fake_stdin
                0x200096a0                __sf_fake_stdout
                0x200096c0                __sf_fake_stderr
 .rodata        0x200096e0       0x34 c:/microsemi/softconsole v3.3/sourcery-g++/bin/../lib/gcc/arm-none-eabi/4.4.1/../../../../arm-none-eabi/lib/thumb2\libc.a(lib_a-locale.o)
 .rodata.str1.4
                0x20009714       0x10 c:/microsemi/softconsole v3.3/sourcery-g++/bin/../lib/gcc/arm-none-eabi/4.4.1/../../../../arm-none-eabi/lib/thumb2\libc.a(lib_a-locale.o)
                                 0x18 (size before relaxing)
 *fill*         0x20009724        0x4 00
 .rodata        0x20009728      0x128 c:/microsemi/softconsole v3.3/sourcery-g++/bin/../lib/gcc/arm-none-eabi/4.4.1/../../../../arm-none-eabi/lib/thumb2\libc.a(lib_a-mprec.o)
                0x20009728                __mprec_tens
                0x20009800                __mprec_bigtens
                0x20009828                __mprec_tinytens
 *(.ARM.extab* .gnu.linkonce.armextab.*)
 *(.gcc_except_table)
 *(.eh_frame_hdr)
 *(.eh_frame)
 *(.init)
 .init          0x20009850        0x4 c:/microsemi/softconsole v3.3/sourcery-g++/bin/../lib/gcc/arm-none-eabi/4.4.1/thumb2/crti.o
                0x20009850                _init
 .init          0x20009854        0x8 c:/microsemi/softconsole v3.3/sourcery-g++/bin/../lib/gcc/arm-none-eabi/4.4.1/thumb2/crtn.o
 *(.fini)
 .fini          0x2000985c        0x4 c:/microsemi/softconsole v3.3/sourcery-g++/bin/../lib/gcc/arm-none-eabi/4.4.1/thumb2/crti.o
                0x2000985c                _fini
 .fini          0x20009860        0x8 c:/microsemi/softconsole v3.3/sourcery-g++/bin/../lib/gcc/arm-none-eabi/4.4.1/thumb2/crtn.o
                0x20009868                PROVIDE (__preinit_array_start, .)
 *(.preinit_array)
                0x20009868                PROVIDE (__preinit_array_end, .)
                0x20009868                PROVIDE (__init_array_start, .)
 *(SORT(.init_array.*))
 *(.init_array)
 .init_array    0x20009868        0x4 c:/microsemi/softconsole v3.3/sourcery-g++/bin/../lib/gcc/arm-none-eabi/4.4.1/thumb2/crtbegin.o
                0x2000986c                PROVIDE (__init_array_end, .)
                0x2000986c                PROVIDE (__fini_array_start, .)
 *(.fini_array)
 .fini_array    0x2000986c        0x4 c:/microsemi/softconsole v3.3/sourcery-g++/bin/../lib/gcc/arm-none-eabi/4.4.1/thumb2/crtbegin.o
 *(SORT(.fini_array.*))
                0x20009870                PROVIDE (__fini_array_end, .)
                0x20009870                __exidx_start = .

.v4_bx          0x20009870        0x0
 .v4_bx         0x00000000        0x0 linker stubs

.ARM.exidx      0x20009870        0x8
 *(.ARM.exidx* .gnu.linkonce.armexidx.*)
 .ARM.exidx     0x20009870        0x8 c:/microsemi/softconsole v3.3/sourcery-g++/bin/../lib/gcc/arm-none-eabi/4.4.1/thumb2\libgcc.a(_divdi3.o)
 .ARM.exidx     0x20009878        0x0 c:/microsemi/softconsole v3.3/sourcery-g++/bin/../lib/gcc/arm-none-eabi/4.4.1/thumb2\libgcc.a(_udivdi3.o)
                                  0x8 (size before relaxing)
                0x20009878                __exidx_end = .
                0x20009878                _etext = .
                0x20009878                PROVIDE (__text_end, .)

.data           0x20009878      0x578
                0x20009878                __data_load = LOADADDR (.data)
                0x20009878                _sidata = LOADADDR (.data)
                0x20009878                __data_start = .
                0x20009878                _sdata = .
 *(.jcr)
 .jcr           0x20009878        0x0 c:/microsemi/softconsole v3.3/sourcery-g++/bin/../lib/gcc/arm-none-eabi/4.4.1/thumb2/crtbegin.o
 .jcr           0x20009878        0x4 c:/microsemi/softconsole v3.3/sourcery-g++/bin/../lib/gcc/arm-none-eabi/4.4.1/thumb2/crtend.o
 *(.got.plt)
 *(.got)
 *(.shdata)
 *(.data .data.* .gnu.linkonce.d.*)
 .data.pwm_h_addr
                0x2000987c        0x4 ./main.o
                0x2000987c                pwm_h_addr
 .data.fire_addr
                0x20009880        0x4 ./main.o
                0x20009880                fire_addr
 .data.motor_left_addr
                0x20009884        0x4 ./main.o
                0x20009884                motor_left_addr
 .data.motor_right_addr
                0x20009888        0x4 ./main.o
                0x20009888                motor_right_addr
 .data.led_rg_addr
                0x2000988c        0x4 ./main.o
                0x2000988c                led_rg_addr
 .data.pwm_v_addr
                0x20009890        0x4 ./main.o
                0x20009890                pwm_v_addr
 .data.SystemFrequency
                0x20009894        0x4 C:\Users\jimzhang\Documents\ps2try\ps2try\SoftConsole\ps2_MSS_MSS_CM3_0\ps2_MSS_MSS_CM3_0_hw_platform\Debug\libps2_MSS_MSS_CM3_0_hw_platform.a(system_a2fxxxm3.o)
                0x20009894                SystemFrequency
 .data.SystemCoreClock
                0x20009898        0x4 C:\Users\jimzhang\Documents\ps2try\ps2try\SoftConsole\ps2_MSS_MSS_CM3_0\ps2_MSS_MSS_CM3_0_hw_platform\Debug\libps2_MSS_MSS_CM3_0_hw_platform.a(system_a2fxxxm3.o)
                0x20009898                SystemCoreClock
 .data.g_FrequencyPCLK0
                0x2000989c        0x4 C:\Users\jimzhang\Documents\ps2try\ps2try\SoftConsole\ps2_MSS_MSS_CM3_0\ps2_MSS_MSS_CM3_0_hw_platform\Debug\libps2_MSS_MSS_CM3_0_hw_platform.a(system_a2fxxxm3.o)
                0x2000989c                g_FrequencyPCLK0
 .data.g_FrequencyPCLK1
                0x200098a0        0x4 C:\Users\jimzhang\Documents\ps2try\ps2try\SoftConsole\ps2_MSS_MSS_CM3_0\ps2_MSS_MSS_CM3_0_hw_platform\Debug\libps2_MSS_MSS_CM3_0_hw_platform.a(system_a2fxxxm3.o)
                0x200098a0                g_FrequencyPCLK1
 .data.g_FrequencyACE
                0x200098a4        0x4 C:\Users\jimzhang\Documents\ps2try\ps2try\SoftConsole\ps2_MSS_MSS_CM3_0\ps2_MSS_MSS_CM3_0_hw_platform\Debug\libps2_MSS_MSS_CM3_0_hw_platform.a(system_a2fxxxm3.o)
                0x200098a4                g_FrequencyACE
 .data.g_FrequencyFPGA
                0x200098a8        0x4 C:\Users\jimzhang\Documents\ps2try\ps2try\SoftConsole\ps2_MSS_MSS_CM3_0\ps2_MSS_MSS_CM3_0_hw_platform\Debug\libps2_MSS_MSS_CM3_0_hw_platform.a(system_a2fxxxm3.o)
                0x200098a8                g_FrequencyFPGA
 .data.g_ace_channel_desc_table
                0x200098ac       0x40 C:\Users\jimzhang\Documents\ps2try\ps2try\SoftConsole\ps2_MSS_MSS_CM3_0\ps2_MSS_MSS_CM3_0_hw_platform\Debug\libps2_MSS_MSS_CM3_0_hw_platform.a(ace_config.o)
                0x200098ac                g_ace_channel_desc_table
 .data          0x200098ec       0xf4 c:/microsemi/softconsole v3.3/sourcery-g++/bin/../lib/gcc/arm-none-eabi/4.4.1/../../../../arm-none-eabi/lib/thumb2\libc.a(lib_a-impure.o)
                0x200098ec                _impure_ptr
 .data          0x200099e0      0x410 c:/microsemi/softconsole v3.3/sourcery-g++/bin/../lib/gcc/arm-none-eabi/4.4.1/../../../../arm-none-eabi/lib/thumb2\libc.a(lib_a-mallocr.o)
                0x200099e0                __malloc_av_
                0x20009de8                __malloc_sbrk_base
                0x20009dec                __malloc_trim_threshold
                0x20009df0                . = ALIGN (0x4)
                0x20009df0                _edata = .

.bss            0x20009df0     0x2118
                0x20009df0                __bss_start__ = .
                0x20009df0                _sbss = .
 *(.shbss)
 *(.bss .bss.* .gnu.linkonce.b.*)
 .bss           0x20009df0        0x1 c:/microsemi/softconsole v3.3/sourcery-g++/bin/../lib/gcc/arm-none-eabi/4.4.1/thumb2/crtbegin.o
 *fill*         0x20009df1        0x3 00
 .bss.adc_sum2  0x20009df4        0x4 ./main.o
                0x20009df4                adc_sum2
 .bss.g_stdio_uart_init_done
                0x20009df8        0x4 C:/Users/jimzhang/Documents/ps2try/ps2try/SoftConsole/ps2_MSS_MSS_CM3_0/ps2_MSS_MSS_CM3_0_hw_platform/Debug/CMSIS/startup_gcc/newlib_stubs.o
 .bss.heap_end.3594
                0x20009dfc        0x4 C:/Users/jimzhang/Documents/ps2try/ps2try/SoftConsole/ps2_MSS_MSS_CM3_0/ps2_MSS_MSS_CM3_0_hw_platform/Debug/CMSIS/startup_gcc/newlib_stubs.o
 .bss.g_gdec_lut
                0x20009e00        0xc C:\Users\jimzhang\Documents\ps2try\ps2try\SoftConsole\ps2_MSS_MSS_CM3_0\ps2_MSS_MSS_CM3_0_hw_platform\Debug\libps2_MSS_MSS_CM3_0_hw_platform.a(ace_convert.o)
 .bss.channel_type_lut_h
                0x20009e0c        0x4 C:\Users\jimzhang\Documents\ps2try\ps2try\SoftConsole\ps2_MSS_MSS_CM3_0\ps2_MSS_MSS_CM3_0_hw_platform\Debug\libps2_MSS_MSS_CM3_0_hw_platform.a(ace_convert.o)
 .bss           0x20009e10       0x34 c:/microsemi/softconsole v3.3/sourcery-g++/bin/../lib/gcc/arm-none-eabi/4.4.1/../../../../arm-none-eabi/lib/thumb2\libc.a(lib_a-mallocr.o)
                0x20009e10                __malloc_top_pad
                0x20009e14                __malloc_current_mallinfo
                0x20009e3c                __malloc_max_sbrked_mem
                0x20009e40                __malloc_max_total_mem
 *(COMMON)
 COMMON         0x20009e44     0x1f68 ./main.o
                0x20009e44                adc_handler_2
                0x20009e46                adc_data_3
                0x20009e48                adc_data_5
                0x20009e4c                reload
                0x20009e50                message
                0x20009e54                v_angle
                0x20009e58                i
                0x20009e5c                adc_buffer2
                0x2000a62c                adc_handler_3
                0x2000a62e                adc_data_4
                0x2000a630                adc_handler_4
                0x2000a631                adc_handler_5
                0x2000a634                adc_buffer4
                0x2000ae04                adc_buffer5
                0x2000b5d4                adc_data_2
                0x2000b5d6                adc_wait
                0x2000b5d8                h_angle
                0x2000b5dc                adc_buffer3
 COMMON         0x2000bdac       0x50 C:\Users\jimzhang\Documents\ps2try\ps2try\SoftConsole\ps2_MSS_MSS_CM3_0\ps2_MSS_MSS_CM3_0_hw_platform\Debug\libps2_MSS_MSS_CM3_0_hw_platform.a(mss_uart.o)
                0x2000bdac                g_mss_uart1
                0x2000bdd4                g_mss_uart0
 COMMON         0x2000bdfc      0x108 C:\Users\jimzhang\Documents\ps2try\ps2try\SoftConsole\ps2_MSS_MSS_CM3_0\ps2_MSS_MSS_CM3_0_hw_platform\Debug\libps2_MSS_MSS_CM3_0_hw_platform.a(mss_spi.o)
                0x2000bdfc                g_mss_spi1
                0x2000be80                g_mss_spi0
 COMMON         0x2000bf04        0x4 c:/microsemi/softconsole v3.3/sourcery-g++/bin/../lib/gcc/arm-none-eabi/4.4.1/../../../../arm-none-eabi/lib/thumb2\libc.a(lib_a-reent.o)
                0x2000bf04                errno
                0x2000bf08                . = ALIGN (0x8)
                0x2000bf08                __bss_end__ = .
                0x2000bf08                _end = .
                0x2000bf08                __end = _end
                0x2000bf08                _ebss = .
                0x2000bf08                PROVIDE (end, .)

.stack          0x2000bf08     0x3000
                0x2000bf08                . = ALIGN (0x4)
                0x2000cf08                . = (. + PROCESS_STACK_SIZE)
 *fill*         0x2000bf08     0x1000 00
                0x2000cf08                . = ALIGN (0x4)
                0x2000ef08                . = (. + MAIN_STACK_SIZE)
 *fill*         0x2000cf08     0x2000 00
                0x2000ef08                . = ALIGN (0x4)

.stab
 *(.stab)

.stabstr
 *(.stabstr)

.debug
 *(.debug)

.line
 *(.line)

.debug_srcinfo
 *(.debug_srcinfo)

.debug_sfnames
 *(.debug_sfnames)

.comment        0x00000000      0x1d9
 .comment       0x00000000       0x2b ./main.o
 .comment       0x0000002b       0x2b ./my_timer.o
 .comment       0x00000056       0x2b C:/Users/jimzhang/Documents/ps2try/ps2try/SoftConsole/ps2_MSS_MSS_CM3_0/ps2_MSS_MSS_CM3_0_hw_platform/Debug/CMSIS/startup_gcc/newlib_stubs.o
 .comment       0x00000081       0x2b C:\Users\jimzhang\Documents\ps2try\ps2try\SoftConsole\ps2_MSS_MSS_CM3_0\ps2_MSS_MSS_CM3_0_hw_platform\Debug\libps2_MSS_MSS_CM3_0_hw_platform.a(mss_uart.o)
 .comment       0x000000ac       0x2b C:\Users\jimzhang\Documents\ps2try\ps2try\SoftConsole\ps2_MSS_MSS_CM3_0\ps2_MSS_MSS_CM3_0_hw_platform\Debug\libps2_MSS_MSS_CM3_0_hw_platform.a(mss_spi.o)
 .comment       0x000000d7       0x2b C:\Users\jimzhang\Documents\ps2try\ps2try\SoftConsole\ps2_MSS_MSS_CM3_0\ps2_MSS_MSS_CM3_0_hw_platform\Debug\libps2_MSS_MSS_CM3_0_hw_platform.a(mss_gpio.o)
 .comment       0x00000102       0x2b C:\Users\jimzhang\Documents\ps2try\ps2try\SoftConsole\ps2_MSS_MSS_CM3_0\ps2_MSS_MSS_CM3_0_hw_platform\Debug\libps2_MSS_MSS_CM3_0_hw_platform.a(mss_ace.o)
 .comment       0x0000012d       0x2b C:\Users\jimzhang\Documents\ps2try\ps2try\SoftConsole\ps2_MSS_MSS_CM3_0\ps2_MSS_MSS_CM3_0_hw_platform\Debug\libps2_MSS_MSS_CM3_0_hw_platform.a(system_a2fxxxm3.o)
 .comment       0x00000158       0x2b C:\Users\jimzhang\Documents\ps2try\ps2try\SoftConsole\ps2_MSS_MSS_CM3_0\ps2_MSS_MSS_CM3_0_hw_platform\Debug\libps2_MSS_MSS_CM3_0_hw_platform.a(ace_config.o)
 .comment       0x00000183       0x2b C:\Users\jimzhang\Documents\ps2try\ps2try\SoftConsole\ps2_MSS_MSS_CM3_0\ps2_MSS_MSS_CM3_0_hw_platform\Debug\libps2_MSS_MSS_CM3_0_hw_platform.a(ace_convert.o)
 .comment       0x000001ae       0x2b C:\Users\jimzhang\Documents\ps2try\ps2try\SoftConsole\ps2_MSS_MSS_CM3_0\ps2_MSS_MSS_CM3_0_hw_platform\Debug\libps2_MSS_MSS_CM3_0_hw_platform.a(ace_flags.o)

.debug_aranges  0x00000000       0xb8
 *(.debug_aranges)
 .debug_aranges
                0x00000000       0x50 ./main.o
 .debug_aranges
                0x00000050       0x68 ./my_timer.o

.debug_pubnames
                0x00000000      0x391
 *(.debug_pubnames)
 .debug_pubnames
                0x00000000      0x2af ./main.o
 .debug_pubnames
                0x000002af       0xe2 ./my_timer.o

.debug_info     0x00000000     0x1669
 *(.debug_info .gnu.linkonce.wi.*)
 .debug_info    0x00000000     0x147b ./main.o
 .debug_info    0x0000147b      0x1ee ./my_timer.o

.debug_abbrev   0x00000000      0x359
 *(.debug_abbrev)
 .debug_abbrev  0x00000000      0x277 ./main.o
 .debug_abbrev  0x00000277       0xe2 ./my_timer.o

.debug_line     0x00000000      0xb2b
 *(.debug_line)
 .debug_line    0x00000000      0x92f ./main.o
 .debug_line    0x0000092f      0x1fc ./my_timer.o

.debug_frame    0x00000000      0xda8
 *(.debug_frame)
 .debug_frame   0x00000000       0xc8 ./main.o
 .debug_frame   0x000000c8       0xb0 ./my_timer.o
 .debug_frame   0x00000178       0x20 c:/microsemi/softconsole v3.3/sourcery-g++/bin/../lib/gcc/arm-none-eabi/4.4.1/../../../../arm-none-eabi/lib/thumb2\libc.a(lib_a-errno.o)
 .debug_frame   0x00000198       0x2c c:/microsemi/softconsole v3.3/sourcery-g++/bin/../lib/gcc/arm-none-eabi/4.4.1/../../../../arm-none-eabi/lib/thumb2\libc.a(lib_a-init.o)
 .debug_frame   0x000001c4       0x28 c:/microsemi/softconsole v3.3/sourcery-g++/bin/../lib/gcc/arm-none-eabi/4.4.1/../../../../arm-none-eabi/lib/thumb2\libc.a(lib_a-memset.o)
 .debug_frame   0x000001ec       0x5c c:/microsemi/softconsole v3.3/sourcery-g++/bin/../lib/gcc/arm-none-eabi/4.4.1/../../../../arm-none-eabi/lib/thumb2\libc.a(lib_a-printf.o)
 .debug_frame   0x00000248       0x28 c:/microsemi/softconsole v3.3/sourcery-g++/bin/../lib/gcc/arm-none-eabi/4.4.1/../../../../arm-none-eabi/lib/thumb2\libc.a(lib_a-strncmp.o)
 .debug_frame   0x00000270       0x70 c:/microsemi/softconsole v3.3/sourcery-g++/bin/../lib/gcc/arm-none-eabi/4.4.1/../../../../arm-none-eabi/lib/thumb2\libc.a(lib_a-vfprintf.o)
 .debug_frame   0x000002e0       0x2c c:/microsemi/softconsole v3.3/sourcery-g++/bin/../lib/gcc/arm-none-eabi/4.4.1/../../../../arm-none-eabi/lib/thumb2\libc.a(lib_a-wsetup.o)
 .debug_frame   0x0000030c       0x64 c:/microsemi/softconsole v3.3/sourcery-g++/bin/../lib/gcc/arm-none-eabi/4.4.1/../../../../arm-none-eabi/lib/thumb2\libc.a(lib_a-dtoa.o)
 .debug_frame   0x00000370       0x40 c:/microsemi/softconsole v3.3/sourcery-g++/bin/../lib/gcc/arm-none-eabi/4.4.1/../../../../arm-none-eabi/lib/thumb2\libc.a(lib_a-fflush.o)
 .debug_frame   0x000003b0      0x11c c:/microsemi/softconsole v3.3/sourcery-g++/bin/../lib/gcc/arm-none-eabi/4.4.1/../../../../arm-none-eabi/lib/thumb2\libc.a(lib_a-findfp.o)
 .debug_frame   0x000004cc       0x50 c:/microsemi/softconsole v3.3/sourcery-g++/bin/../lib/gcc/arm-none-eabi/4.4.1/../../../../arm-none-eabi/lib/thumb2\libc.a(lib_a-freer.o)
 .debug_frame   0x0000051c       0x3c c:/microsemi/softconsole v3.3/sourcery-g++/bin/../lib/gcc/arm-none-eabi/4.4.1/../../../../arm-none-eabi/lib/thumb2\libc.a(lib_a-fvwrite.o)
 .debug_frame   0x00000558       0x54 c:/microsemi/softconsole v3.3/sourcery-g++/bin/../lib/gcc/arm-none-eabi/4.4.1/../../../../arm-none-eabi/lib/thumb2\libc.a(lib_a-fwalk.o)
 .debug_frame   0x000005ac       0x6c c:/microsemi/softconsole v3.3/sourcery-g++/bin/../lib/gcc/arm-none-eabi/4.4.1/../../../../arm-none-eabi/lib/thumb2\libc.a(lib_a-locale.o)
 .debug_frame   0x00000618       0x34 c:/microsemi/softconsole v3.3/sourcery-g++/bin/../lib/gcc/arm-none-eabi/4.4.1/../../../../arm-none-eabi/lib/thumb2\libc.a(lib_a-makebuf.o)
 .debug_frame   0x0000064c       0x30 c:/microsemi/softconsole v3.3/sourcery-g++/bin/../lib/gcc/arm-none-eabi/4.4.1/../../../../arm-none-eabi/lib/thumb2\libc.a(lib_a-malloc.o)
 .debug_frame   0x0000067c       0x3c c:/microsemi/softconsole v3.3/sourcery-g++/bin/../lib/gcc/arm-none-eabi/4.4.1/../../../../arm-none-eabi/lib/thumb2\libc.a(lib_a-mallocr.o)
 .debug_frame   0x000006b8       0x28 c:/microsemi/softconsole v3.3/sourcery-g++/bin/../lib/gcc/arm-none-eabi/4.4.1/../../../../arm-none-eabi/lib/thumb2\libc.a(lib_a-memchr.o)
 .debug_frame   0x000006e0       0x34 c:/microsemi/softconsole v3.3/sourcery-g++/bin/../lib/gcc/arm-none-eabi/4.4.1/../../../../arm-none-eabi/lib/thumb2\libc.a(lib_a-memcpy.o)
 .debug_frame   0x00000714       0x2c c:/microsemi/softconsole v3.3/sourcery-g++/bin/../lib/gcc/arm-none-eabi/4.4.1/../../../../arm-none-eabi/lib/thumb2\libc.a(lib_a-memmove.o)
 .debug_frame   0x00000740       0x30 c:/microsemi/softconsole v3.3/sourcery-g++/bin/../lib/gcc/arm-none-eabi/4.4.1/../../../../arm-none-eabi/lib/thumb2\libc.a(lib_a-mlock.o)
 .debug_frame   0x00000770      0x240 c:/microsemi/softconsole v3.3/sourcery-g++/bin/../lib/gcc/arm-none-eabi/4.4.1/../../../../arm-none-eabi/lib/thumb2\libc.a(lib_a-mprec.o)
 .debug_frame   0x000009b0       0x3c c:/microsemi/softconsole v3.3/sourcery-g++/bin/../lib/gcc/arm-none-eabi/4.4.1/../../../../arm-none-eabi/lib/thumb2\libc.a(lib_a-reallocr.o)
 .debug_frame   0x000009ec       0x20 c:/microsemi/softconsole v3.3/sourcery-g++/bin/../lib/gcc/arm-none-eabi/4.4.1/../../../../arm-none-eabi/lib/thumb2\libc.a(lib_a-s_isinfd.o)
 .debug_frame   0x00000a0c       0x20 c:/microsemi/softconsole v3.3/sourcery-g++/bin/../lib/gcc/arm-none-eabi/4.4.1/../../../../arm-none-eabi/lib/thumb2\libc.a(lib_a-s_isnand.o)
 .debug_frame   0x00000a2c       0x2c c:/microsemi/softconsole v3.3/sourcery-g++/bin/../lib/gcc/arm-none-eabi/4.4.1/../../../../arm-none-eabi/lib/thumb2\libc.a(lib_a-sbrkr.o)
 .debug_frame   0x00000a58       0x70 c:/microsemi/softconsole v3.3/sourcery-g++/bin/../lib/gcc/arm-none-eabi/4.4.1/../../../../arm-none-eabi/lib/thumb2\libc.a(lib_a-stdio.o)
 .debug_frame   0x00000ac8       0x30 c:/microsemi/softconsole v3.3/sourcery-g++/bin/../lib/gcc/arm-none-eabi/4.4.1/../../../../arm-none-eabi/lib/thumb2\libc.a(lib_a-strcmp.o)
 .debug_frame   0x00000af8       0x20 c:/microsemi/softconsole v3.3/sourcery-g++/bin/../lib/gcc/arm-none-eabi/4.4.1/../../../../arm-none-eabi/lib/thumb2\libc.a(lib_a-strlen.o)
 .debug_frame   0x00000b18       0x2c c:/microsemi/softconsole v3.3/sourcery-g++/bin/../lib/gcc/arm-none-eabi/4.4.1/../../../../arm-none-eabi/lib/thumb2\libc.a(lib_a-callocr.o)
 .debug_frame   0x00000b44       0x2c c:/microsemi/softconsole v3.3/sourcery-g++/bin/../lib/gcc/arm-none-eabi/4.4.1/../../../../arm-none-eabi/lib/thumb2\libc.a(lib_a-closer.o)
 .debug_frame   0x00000b70       0x3c c:/microsemi/softconsole v3.3/sourcery-g++/bin/../lib/gcc/arm-none-eabi/4.4.1/../../../../arm-none-eabi/lib/thumb2\libc.a(lib_a-fclose.o)
 .debug_frame   0x00000bac       0x2c c:/microsemi/softconsole v3.3/sourcery-g++/bin/../lib/gcc/arm-none-eabi/4.4.1/../../../../arm-none-eabi/lib/thumb2\libc.a(lib_a-fstatr.o)
 .debug_frame   0x00000bd8       0x2c c:/microsemi/softconsole v3.3/sourcery-g++/bin/../lib/gcc/arm-none-eabi/4.4.1/../../../../arm-none-eabi/lib/thumb2\libc.a(lib_a-isattyr.o)
 .debug_frame   0x00000c04       0x2c c:/microsemi/softconsole v3.3/sourcery-g++/bin/../lib/gcc/arm-none-eabi/4.4.1/../../../../arm-none-eabi/lib/thumb2\libc.a(lib_a-lseekr.o)
 .debug_frame   0x00000c30       0x2c c:/microsemi/softconsole v3.3/sourcery-g++/bin/../lib/gcc/arm-none-eabi/4.4.1/../../../../arm-none-eabi/lib/thumb2\libc.a(lib_a-readr.o)
 .debug_frame   0x00000c5c       0x64 c:/microsemi/softconsole v3.3/sourcery-g++/bin/../lib/gcc/arm-none-eabi/4.4.1/../../../../arm-none-eabi/lib/thumb2\libc.a(lib_a-reent.o)
 .debug_frame   0x00000cc0       0x20 c:/microsemi/softconsole v3.3/sourcery-g++/bin/../lib/gcc/arm-none-eabi/4.4.1/thumb2\libgcc.a(_udivsi3.o)
 .debug_frame   0x00000ce0       0x50 c:/microsemi/softconsole v3.3/sourcery-g++/bin/../lib/gcc/arm-none-eabi/4.4.1/thumb2\libgcc.a(bpabi.o)
 .debug_frame   0x00000d30       0x3c c:/microsemi/softconsole v3.3/sourcery-g++/bin/../lib/gcc/arm-none-eabi/4.4.1/thumb2\libgcc.a(_divdi3.o)
 .debug_frame   0x00000d6c       0x3c c:/microsemi/softconsole v3.3/sourcery-g++/bin/../lib/gcc/arm-none-eabi/4.4.1/thumb2\libgcc.a(_udivdi3.o)

.debug_str      0x00000000     0x17c6
 *(.debug_str)
 .debug_str     0x00000000     0x16e3 ./main.o
                               0x1794 (size before relaxing)
 .debug_str     0x000016e3       0xe3 ./my_timer.o
                                0x1f3 (size before relaxing)

.debug_loc      0x00000000      0x29a
 *(.debug_loc)
 .debug_loc     0x00000000      0x29a ./main.o

.debug_macinfo  0x00000000     0xf195
 *(.debug_macinfo)
 .debug_macinfo
                0x00000000     0x9dec ./main.o
 .debug_macinfo
                0x00009dec     0x53a9 ./my_timer.o

.debug_weaknames
 *(.debug_weaknames)

.debug_funcnames
 *(.debug_funcnames)

.debug_typenames
 *(.debug_typenames)

.debug_varnames
 *(.debug_varnames)

.note.gnu.arm.ident
 *(.note.gnu.arm.ident)

.ARM.attributes
                0x00000000       0x25
 *(.ARM.attributes)
 .ARM.attributes
                0x00000000       0x19 c:/microsemi/softconsole v3.3/sourcery-g++/bin/../lib/gcc/arm-none-eabi/4.4.1/thumb2/crti.o
 .ARM.attributes
                0x00000019       0x29 c:/microsemi/softconsole v3.3/sourcery-g++/bin/../lib/gcc/arm-none-eabi/4.4.1/thumb2/crtbegin.o
 .ARM.attributes
                0x00000042       0x31 ./main.o
 .ARM.attributes
                0x00000073       0x31 ./my_timer.o
 .ARM.attributes
                0x000000a4       0x21 C:/Users/jimzhang/Documents/ps2try/ps2try/SoftConsole/ps2_MSS_MSS_CM3_0/ps2_MSS_MSS_CM3_0_hw_platform/Debug/CMSIS/startup_gcc/startup_a2fxxxm3.o
 .ARM.attributes
                0x000000c5       0x31 C:/Users/jimzhang/Documents/ps2try/ps2try/SoftConsole/ps2_MSS_MSS_CM3_0/ps2_MSS_MSS_CM3_0_hw_platform/Debug/CMSIS/startup_gcc/newlib_stubs.o
 .ARM.attributes
                0x000000f6       0x31 C:\Users\jimzhang\Documents\ps2try\ps2try\SoftConsole\ps2_MSS_MSS_CM3_0\ps2_MSS_MSS_CM3_0_hw_platform\Debug\libps2_MSS_MSS_CM3_0_hw_platform.a(mss_uart.o)
 .ARM.attributes
                0x00000127       0x31 C:\Users\jimzhang\Documents\ps2try\ps2try\SoftConsole\ps2_MSS_MSS_CM3_0\ps2_MSS_MSS_CM3_0_hw_platform\Debug\libps2_MSS_MSS_CM3_0_hw_platform.a(mss_spi.o)
 .ARM.attributes
                0x00000158       0x31 C:\Users\jimzhang\Documents\ps2try\ps2try\SoftConsole\ps2_MSS_MSS_CM3_0\ps2_MSS_MSS_CM3_0_hw_platform\Debug\libps2_MSS_MSS_CM3_0_hw_platform.a(mss_gpio.o)
 .ARM.attributes
                0x00000189       0x31 C:\Users\jimzhang\Documents\ps2try\ps2try\SoftConsole\ps2_MSS_MSS_CM3_0\ps2_MSS_MSS_CM3_0_hw_platform\Debug\libps2_MSS_MSS_CM3_0_hw_platform.a(mss_ace.o)
 .ARM.attributes
                0x000001ba       0x31 C:\Users\jimzhang\Documents\ps2try\ps2try\SoftConsole\ps2_MSS_MSS_CM3_0\ps2_MSS_MSS_CM3_0_hw_platform\Debug\libps2_MSS_MSS_CM3_0_hw_platform.a(system_a2fxxxm3.o)
 .ARM.attributes
                0x000001eb       0x31 C:\Users\jimzhang\Documents\ps2try\ps2try\SoftConsole\ps2_MSS_MSS_CM3_0\ps2_MSS_MSS_CM3_0_hw_platform\Debug\libps2_MSS_MSS_CM3_0_hw_platform.a(ace_config.o)
 .ARM.attributes
                0x0000021c       0x31 C:\Users\jimzhang\Documents\ps2try\ps2try\SoftConsole\ps2_MSS_MSS_CM3_0\ps2_MSS_MSS_CM3_0_hw_platform\Debug\libps2_MSS_MSS_CM3_0_hw_platform.a(ace_convert.o)
 .ARM.attributes
                0x0000024d       0x31 C:\Users\jimzhang\Documents\ps2try\ps2try\SoftConsole\ps2_MSS_MSS_CM3_0\ps2_MSS_MSS_CM3_0_hw_platform\Debug\libps2_MSS_MSS_CM3_0_hw_platform.a(ace_flags.o)
 .ARM.attributes
                0x0000027e       0x29 c:/microsemi/softconsole v3.3/sourcery-g++/bin/../lib/gcc/arm-none-eabi/4.4.1/../../../../arm-none-eabi/lib/thumb2\libc.a(lib_a-errno.o)
 .ARM.attributes
                0x000002a7       0x29 c:/microsemi/softconsole v3.3/sourcery-g++/bin/../lib/gcc/arm-none-eabi/4.4.1/../../../../arm-none-eabi/lib/thumb2\libc.a(lib_a-impure.o)
 .ARM.attributes
                0x000002d0       0x29 c:/microsemi/softconsole v3.3/sourcery-g++/bin/../lib/gcc/arm-none-eabi/4.4.1/../../../../arm-none-eabi/lib/thumb2\libc.a(lib_a-init.o)
 .ARM.attributes
                0x000002f9       0x29 c:/microsemi/softconsole v3.3/sourcery-g++/bin/../lib/gcc/arm-none-eabi/4.4.1/../../../../arm-none-eabi/lib/thumb2\libc.a(lib_a-memset.o)
 .ARM.attributes
                0x00000322       0x29 c:/microsemi/softconsole v3.3/sourcery-g++/bin/../lib/gcc/arm-none-eabi/4.4.1/../../../../arm-none-eabi/lib/thumb2\libc.a(lib_a-printf.o)
 .ARM.attributes
                0x0000034b       0x29 c:/microsemi/softconsole v3.3/sourcery-g++/bin/../lib/gcc/arm-none-eabi/4.4.1/../../../../arm-none-eabi/lib/thumb2\libc.a(lib_a-strncmp.o)
 .ARM.attributes
                0x00000374       0x29 c:/microsemi/softconsole v3.3/sourcery-g++/bin/../lib/gcc/arm-none-eabi/4.4.1/../../../../arm-none-eabi/lib/thumb2\libc.a(lib_a-vfprintf.o)
 .ARM.attributes
                0x0000039d       0x29 c:/microsemi/softconsole v3.3/sourcery-g++/bin/../lib/gcc/arm-none-eabi/4.4.1/../../../../arm-none-eabi/lib/thumb2\libc.a(lib_a-wsetup.o)
 .ARM.attributes
                0x000003c6       0x29 c:/microsemi/softconsole v3.3/sourcery-g++/bin/../lib/gcc/arm-none-eabi/4.4.1/../../../../arm-none-eabi/lib/thumb2\libc.a(lib_a-dtoa.o)
 .ARM.attributes
                0x000003ef       0x29 c:/microsemi/softconsole v3.3/sourcery-g++/bin/../lib/gcc/arm-none-eabi/4.4.1/../../../../arm-none-eabi/lib/thumb2\libc.a(lib_a-fflush.o)
 .ARM.attributes
                0x00000418       0x29 c:/microsemi/softconsole v3.3/sourcery-g++/bin/../lib/gcc/arm-none-eabi/4.4.1/../../../../arm-none-eabi/lib/thumb2\libc.a(lib_a-findfp.o)
 .ARM.attributes
                0x00000441       0x29 c:/microsemi/softconsole v3.3/sourcery-g++/bin/../lib/gcc/arm-none-eabi/4.4.1/../../../../arm-none-eabi/lib/thumb2\libc.a(lib_a-freer.o)
 .ARM.attributes
                0x0000046a       0x29 c:/microsemi/softconsole v3.3/sourcery-g++/bin/../lib/gcc/arm-none-eabi/4.4.1/../../../../arm-none-eabi/lib/thumb2\libc.a(lib_a-fvwrite.o)
 .ARM.attributes
                0x00000493       0x29 c:/microsemi/softconsole v3.3/sourcery-g++/bin/../lib/gcc/arm-none-eabi/4.4.1/../../../../arm-none-eabi/lib/thumb2\libc.a(lib_a-fwalk.o)
 .ARM.attributes
                0x000004bc       0x29 c:/microsemi/softconsole v3.3/sourcery-g++/bin/../lib/gcc/arm-none-eabi/4.4.1/../../../../arm-none-eabi/lib/thumb2\libc.a(lib_a-locale.o)
 .ARM.attributes
                0x000004e5       0x29 c:/microsemi/softconsole v3.3/sourcery-g++/bin/../lib/gcc/arm-none-eabi/4.4.1/../../../../arm-none-eabi/lib/thumb2\libc.a(lib_a-makebuf.o)
 .ARM.attributes
                0x0000050e       0x29 c:/microsemi/softconsole v3.3/sourcery-g++/bin/../lib/gcc/arm-none-eabi/4.4.1/../../../../arm-none-eabi/lib/thumb2\libc.a(lib_a-malloc.o)
 .ARM.attributes
                0x00000537       0x29 c:/microsemi/softconsole v3.3/sourcery-g++/bin/../lib/gcc/arm-none-eabi/4.4.1/../../../../arm-none-eabi/lib/thumb2\libc.a(lib_a-mallocr.o)
 .ARM.attributes
                0x00000560       0x29 c:/microsemi/softconsole v3.3/sourcery-g++/bin/../lib/gcc/arm-none-eabi/4.4.1/../../../../arm-none-eabi/lib/thumb2\libc.a(lib_a-memchr.o)
 .ARM.attributes
                0x00000589       0x29 c:/microsemi/softconsole v3.3/sourcery-g++/bin/../lib/gcc/arm-none-eabi/4.4.1/../../../../arm-none-eabi/lib/thumb2\libc.a(lib_a-memcpy.o)
 .ARM.attributes
                0x000005b2       0x29 c:/microsemi/softconsole v3.3/sourcery-g++/bin/../lib/gcc/arm-none-eabi/4.4.1/../../../../arm-none-eabi/lib/thumb2\libc.a(lib_a-memmove.o)
 .ARM.attributes
                0x000005db       0x29 c:/microsemi/softconsole v3.3/sourcery-g++/bin/../lib/gcc/arm-none-eabi/4.4.1/../../../../arm-none-eabi/lib/thumb2\libc.a(lib_a-mlock.o)
 .ARM.attributes
                0x00000604       0x29 c:/microsemi/softconsole v3.3/sourcery-g++/bin/../lib/gcc/arm-none-eabi/4.4.1/../../../../arm-none-eabi/lib/thumb2\libc.a(lib_a-mprec.o)
 .ARM.attributes
                0x0000062d       0x29 c:/microsemi/softconsole v3.3/sourcery-g++/bin/../lib/gcc/arm-none-eabi/4.4.1/../../../../arm-none-eabi/lib/thumb2\libc.a(lib_a-reallocr.o)
 .ARM.attributes
                0x00000656       0x29 c:/microsemi/softconsole v3.3/sourcery-g++/bin/../lib/gcc/arm-none-eabi/4.4.1/../../../../arm-none-eabi/lib/thumb2\libc.a(lib_a-s_isinfd.o)
 .ARM.attributes
                0x0000067f       0x29 c:/microsemi/softconsole v3.3/sourcery-g++/bin/../lib/gcc/arm-none-eabi/4.4.1/../../../../arm-none-eabi/lib/thumb2\libc.a(lib_a-s_isnand.o)
 .ARM.attributes
                0x000006a8       0x29 c:/microsemi/softconsole v3.3/sourcery-g++/bin/../lib/gcc/arm-none-eabi/4.4.1/../../../../arm-none-eabi/lib/thumb2\libc.a(lib_a-sbrkr.o)
 .ARM.attributes
                0x000006d1       0x29 c:/microsemi/softconsole v3.3/sourcery-g++/bin/../lib/gcc/arm-none-eabi/4.4.1/../../../../arm-none-eabi/lib/thumb2\libc.a(lib_a-stdio.o)
 .ARM.attributes
                0x000006fa       0x29 c:/microsemi/softconsole v3.3/sourcery-g++/bin/../lib/gcc/arm-none-eabi/4.4.1/../../../../arm-none-eabi/lib/thumb2\libc.a(lib_a-strcmp.o)
 .ARM.attributes
                0x00000723       0x29 c:/microsemi/softconsole v3.3/sourcery-g++/bin/../lib/gcc/arm-none-eabi/4.4.1/../../../../arm-none-eabi/lib/thumb2\libc.a(lib_a-strlen.o)
 .ARM.attributes
                0x0000074c       0x29 c:/microsemi/softconsole v3.3/sourcery-g++/bin/../lib/gcc/arm-none-eabi/4.4.1/../../../../arm-none-eabi/lib/thumb2\libc.a(lib_a-callocr.o)
 .ARM.attributes
                0x00000775       0x29 c:/microsemi/softconsole v3.3/sourcery-g++/bin/../lib/gcc/arm-none-eabi/4.4.1/../../../../arm-none-eabi/lib/thumb2\libc.a(lib_a-closer.o)
 .ARM.attributes
                0x0000079e       0x29 c:/microsemi/softconsole v3.3/sourcery-g++/bin/../lib/gcc/arm-none-eabi/4.4.1/../../../../arm-none-eabi/lib/thumb2\libc.a(lib_a-fclose.o)
 .ARM.attributes
                0x000007c7       0x29 c:/microsemi/softconsole v3.3/sourcery-g++/bin/../lib/gcc/arm-none-eabi/4.4.1/../../../../arm-none-eabi/lib/thumb2\libc.a(lib_a-fstatr.o)
 .ARM.attributes
                0x000007f0       0x29 c:/microsemi/softconsole v3.3/sourcery-g++/bin/../lib/gcc/arm-none-eabi/4.4.1/../../../../arm-none-eabi/lib/thumb2\libc.a(lib_a-isattyr.o)
 .ARM.attributes
                0x00000819       0x29 c:/microsemi/softconsole v3.3/sourcery-g++/bin/../lib/gcc/arm-none-eabi/4.4.1/../../../../arm-none-eabi/lib/thumb2\libc.a(lib_a-lseekr.o)
 .ARM.attributes
                0x00000842       0x29 c:/microsemi/softconsole v3.3/sourcery-g++/bin/../lib/gcc/arm-none-eabi/4.4.1/../../../../arm-none-eabi/lib/thumb2\libc.a(lib_a-readr.o)
 .ARM.attributes
                0x0000086b       0x29 c:/microsemi/softconsole v3.3/sourcery-g++/bin/../lib/gcc/arm-none-eabi/4.4.1/../../../../arm-none-eabi/lib/thumb2\libc.a(lib_a-reent.o)
 .ARM.attributes
                0x00000894       0x1b c:/microsemi/softconsole v3.3/sourcery-g++/bin/../lib/gcc/arm-none-eabi/4.4.1/thumb2\libgcc.a(_udivsi3.o)
 .ARM.attributes
                0x000008af       0x1b c:/microsemi/softconsole v3.3/sourcery-g++/bin/../lib/gcc/arm-none-eabi/4.4.1/thumb2\libgcc.a(_dvmd_tls.o)
 .ARM.attributes
                0x000008ca       0x1b c:/microsemi/softconsole v3.3/sourcery-g++/bin/../lib/gcc/arm-none-eabi/4.4.1/thumb2\libgcc.a(_arm_addsubdf3.o)
 .ARM.attributes
                0x000008e5       0x1b c:/microsemi/softconsole v3.3/sourcery-g++/bin/../lib/gcc/arm-none-eabi/4.4.1/thumb2\libgcc.a(_arm_muldivdf3.o)
 .ARM.attributes
                0x00000900       0x1b c:/microsemi/softconsole v3.3/sourcery-g++/bin/../lib/gcc/arm-none-eabi/4.4.1/thumb2\libgcc.a(_arm_cmpdf2.o)
 .ARM.attributes
                0x0000091b       0x1b c:/microsemi/softconsole v3.3/sourcery-g++/bin/../lib/gcc/arm-none-eabi/4.4.1/thumb2\libgcc.a(_arm_fixdfsi.o)
 .ARM.attributes
                0x00000936       0x1b c:/microsemi/softconsole v3.3/sourcery-g++/bin/../lib/gcc/arm-none-eabi/4.4.1/thumb2\libgcc.a(_aeabi_uldivmod.o)
 .ARM.attributes
                0x00000951       0x29 c:/microsemi/softconsole v3.3/sourcery-g++/bin/../lib/gcc/arm-none-eabi/4.4.1/thumb2\libgcc.a(bpabi.o)
 .ARM.attributes
                0x0000097a       0x29 c:/microsemi/softconsole v3.3/sourcery-g++/bin/../lib/gcc/arm-none-eabi/4.4.1/thumb2\libgcc.a(_divdi3.o)
 .ARM.attributes
                0x000009a3       0x29 c:/microsemi/softconsole v3.3/sourcery-g++/bin/../lib/gcc/arm-none-eabi/4.4.1/thumb2\libgcc.a(_udivdi3.o)
 .ARM.attributes
                0x000009cc       0x29 c:/microsemi/softconsole v3.3/sourcery-g++/bin/../lib/gcc/arm-none-eabi/4.4.1/thumb2/crtend.o
 .ARM.attributes
                0x000009f5       0x19 c:/microsemi/softconsole v3.3/sourcery-g++/bin/../lib/gcc/arm-none-eabi/4.4.1/thumb2/crtn.o

/DISCARD/
 *(.note.GNU-stack)
 *(.isr_vector)
OUTPUT(ps2_MSS_MSS_CM3_0_app elf32-littlearm)

.debug_ranges   0x00000000       0xa8
 .debug_ranges  0x00000000       0x48 ./main.o
 .debug_ranges  0x00000048       0x60 ./my_timer.o
